2016/12/14 16:30:57 [error] 24968#0: *536 open() "/home/alfred/webapps/summertime/public/odc-theme-scripts.js" failed (2: No such file or directory), client: 66.249.93.56, server: summertimegoa.com, request: "GET /odc-theme-scripts.js HTTP/1.1", host: "summertimegoa.com", referrer: "http://www.summertimegoa.com/luxury-villa-rental-in-goa/"
2016/12/14 16:30:57 [error] 24968#0: *539 open() "/home/alfred/webapps/summertime/public/odc-theme-scripts.js" failed (2: No such file or directory), client: 66.249.93.54, server: summertimegoa.com, request: "GET /odc-theme-scripts.js HTTP/1.1", host: "summertimegoa.com", referrer: "http://www.summertimegoa.com/luxury-villa-rental-in-goa/"
2016/12/14 16:33:35 [error] 24968#0: *560 open() "/home/alfred/webapps/summertime/public/odc-theme-scripts.js" failed (2: No such file or directory), client: 66.249.93.54, server: summertimegoa.com, request: "GET /odc-theme-scripts.js HTTP/1.1", host: "summertimegoa.com", referrer: "http://www.summertimegoa.com/luxury-villa-rental-in-goa/"
2016/12/14 16:33:36 [error] 24968#0: *569 open() "/home/alfred/webapps/summertime/public/odc-theme-scripts.js" failed (2: No such file or directory), client: 66.249.93.52, server: summertimegoa.com, request: "GET /odc-theme-scripts.js HTTP/1.1", host: "summertimegoa.com", referrer: "http://www.summertimegoa.com/luxury-villa-rental-in-goa/"
2016/12/14 16:33:57 [error] 24969#0: *595 open() "/home/alfred/webapps/summertime/public/odc-theme-scripts.js" failed (2: No such file or directory), client: 66.249.93.52, server: summertimegoa.com, request: "GET /odc-theme-scripts.js HTTP/1.1", host: "summertimegoa.com", referrer: "http://www.summertimegoa.com/luxury-villa-rental-in-goa/"
2016/12/14 16:33:57 [error] 24969#0: *597 open() "/home/alfred/webapps/summertime/public/odc-theme-scripts.js" failed (2: No such file or directory), client: 66.249.93.52, server: summertimegoa.com, request: "GET /odc-theme-scripts.js HTTP/1.1", host: "summertimegoa.com", referrer: "http://www.summertimegoa.com/luxury-villa-rental-in-goa/"
2016/12/14 16:34:02 [error] 24969#0: *609 open() "/home/alfred/webapps/summertime/public/odc-theme-scripts.js" failed (2: No such file or directory), client: 66.249.93.54, server: summertimegoa.com, request: "GET /odc-theme-scripts.js HTTP/1.1", host: "summertimegoa.com", referrer: "http://www.summertimegoa.com/luxury-villa-rental-in-goa/"
2016/12/14 16:34:02 [error] 24968#0: *611 open() "/home/alfred/webapps/summertime/public/odc-theme-scripts.js" failed (2: No such file or directory), client: 66.249.93.54, server: summertimegoa.com, request: "GET /odc-theme-scripts.js HTTP/1.1", host: "summertimegoa.com", referrer: "http://www.summertimegoa.com/luxury-villa-rental-in-goa/"
2016/12/14 16:37:15 [error] 24968#0: *628 open() "/home/alfred/webapps/summertime/public/odc-theme-scripts.js" failed (2: No such file or directory), client: 66.249.93.52, server: summertimegoa.com, request: "GET /odc-theme-scripts.js HTTP/1.1", host: "summertimegoa.com", referrer: "http://www.summertimegoa.com/luxury-villa-rental-in-goa/"
2016/12/14 16:37:15 [error] 24968#0: *636 open() "/home/alfred/webapps/summertime/public/odc-theme-scripts.js" failed (2: No such file or directory), client: 66.249.93.54, server: summertimegoa.com, request: "GET /odc-theme-scripts.js HTTP/1.1", host: "summertimegoa.com", referrer: "http://www.summertimegoa.com/luxury-villa-rental-in-goa/"
2016/12/14 16:50:17 [error] 24968#0: *730 open() "/home/alfred/webapps/summertime/public/odc-theme-scripts.js" failed (2: No such file or directory), client: 66.249.79.142, server: summertimegoa.com, request: "GET /odc-theme-scripts.js HTTP/1.1", host: "summertimegoa.com", referrer: "http://www.summertimegoa.com/luxury-villa-rental-in-goa/"
2016/12/14 21:18:04 [error] 24968#0: *2057 open() "/home/alfred/webapps/summertime/public/odc-theme-scripts.js" failed (2: No such file or directory), client: 179.43.133.66, server: summertimegoa.com, request: "GET /odc-theme-scripts.js HTTP/1.1", host: "summertimegoa.com", referrer: "http://localhost:5000/luxury-villa-rental-in-goa/the-living-room"
2016/12/14 21:18:04 [error] 24968#0: *2057 open() "/home/alfred/webapps/summertime/public/odc-theme-scripts.js" failed (2: No such file or directory), client: 179.43.133.66, server: summertimegoa.com, request: "GET /odc-theme-scripts.js HTTP/1.1", host: "summertimegoa.com", referrer: "http://localhost:5000/luxury-villa-rental-in-goa/the-living-room"
2016/12/14 21:18:15 [error] 24968#0: *2057 open() "/home/alfred/webapps/summertime/public/odc-theme-scripts.js" failed (2: No such file or directory), client: 179.43.133.66, server: summertimegoa.com, request: "GET /odc-theme-scripts.js HTTP/1.1", host: "summertimegoa.com", referrer: "http://localhost:5000/luxury-villa-rental-in-goa/the-living-room"
2016/12/14 21:18:18 [error] 24968#0: *2057 open() "/home/alfred/webapps/summertime/public/odc-theme-scripts.js" failed (2: No such file or directory), client: 179.43.133.66, server: summertimegoa.com, request: "GET /odc-theme-scripts.js HTTP/1.1", host: "summertimegoa.com", referrer: "http://localhost:5000/luxury-villa-rental-in-goa/gardens-and-grounds"
2016/12/14 21:18:31 [error] 24968#0: *2068 open() "/home/alfred/webapps/summertime/public/odc-theme-scripts.js" failed (2: No such file or directory), client: 179.43.133.66, server: summertimegoa.com, request: "GET /odc-theme-scripts.js HTTP/1.1", host: "summertimegoa.com", referrer: "http://localhost:5000/luxury-villa-rental-in-goa/"
2016/12/14 21:18:31 [error] 24968#0: *2068 open() "/home/alfred/webapps/summertime/public/odc-theme-scripts.js" failed (2: No such file or directory), client: 179.43.133.66, server: summertimegoa.com, request: "GET /odc-theme-scripts.js HTTP/1.1", host: "summertimegoa.com", referrer: "http://localhost:5000/luxury-villa-rental-in-goa/"
2016/12/15 11:53:26 [error] 24968#0: *6212 open() "/home/alfred/webapps/summertime/public/images/favicon/favicon-16x16.png" failed (2: No such file or directory), client: 179.43.133.66, server: summertimegoa.com, request: "GET /images/favicon/favicon-16x16.png HTTP/1.1", host: "www.summertimegoa.com"
2016/12/15 11:53:27 [error] 24968#0: *6220 open() "/home/alfred/webapps/summertime/public/images/Nominee-Boutique-Hotels-Awards-2016.jpg" failed (2: No such file or directory), client: 179.43.133.66, server: summertimegoa.com, request: "GET /images/Nominee-Boutique-Hotels-Awards-2016.jpg HTTP/1.1", host: "www.summertimegoa.com", referrer: "http://blog.summertimegoa.com/"
2016/12/15 11:53:27 [error] 24968#0: *6221 open() "/home/alfred/webapps/summertime/public/images/Secret-Villas.jpg" failed (2: No such file or directory), client: 179.43.133.66, server: summertimegoa.com, request: "GET /images/Secret-Villas.jpg HTTP/1.1", host: "www.summertimegoa.com", referrer: "http://blog.summertimegoa.com/"
2016/12/15 11:53:47 [error] 24968#0: *6212 open() "/home/alfred/webapps/summertime/public/images/favicon/favicon-96x96.png" failed (2: No such file or directory), client: 179.43.133.66, server: summertimegoa.com, request: "GET /images/favicon/favicon-96x96.png HTTP/1.1", host: "www.summertimegoa.com"
2016/12/15 11:53:47 [error] 24968#0: *6221 open() "/home/alfred/webapps/summertime/public/images/favicon/favicon-96x96.png" failed (2: No such file or directory), client: 179.43.133.66, server: summertimegoa.com, request: "GET /images/favicon/favicon-96x96.png HTTP/1.1", host: "www.summertimegoa.com"
2016/12/15 11:53:52 [error] 24968#0: *6220 open() "/home/alfred/webapps/summertime/public/images/favicon/favicon-32x32.png" failed (2: No such file or directory), client: 179.43.133.66, server: summertimegoa.com, request: "GET /images/favicon/favicon-32x32.png HTTP/1.1", host: "www.summertimegoa.com"
2016/12/15 11:53:53 [error] 24968#0: *6212 open() "/home/alfred/webapps/summertime/public/images/favicon/favicon-32x32.png" failed (2: No such file or directory), client: 179.43.133.66, server: summertimegoa.com, request: "GET /images/favicon/favicon-32x32.png HTTP/1.1", host: "www.summertimegoa.com"
2016/12/15 12:42:53 [error] 24969#0: *6598 open() "/home/alfred/webapps/summertime/public/images/gallery/portrait/1-luxury-villa-goa.jpg" failed (2: No such file or directory), client: 40.77.167.92, server: summertimegoa.com, request: "GET /images/gallery/portrait/1-luxury-villa-goa.jpg HTTP/1.1", host: "www.summertimegoa.com"
2016/12/15 12:43:23 [error] 24969#0: *6600 open() "/home/alfred/webapps/summertime/public/images/home/2-luxury-rental-villa.jpg" failed (2: No such file or directory), client: 207.46.13.184, server: summertimegoa.com, request: "GET /images/home/2-luxury-rental-villa.jpg HTTP/1.1", host: "www.summertimegoa.com"
2016/12/15 12:55:14 [error] 24969#0: *6674 open() "/home/alfred/webapps/summertime/public/images/travellers-palm/1-tailor-made-holidays-to-india.jpg" failed (2: No such file or directory), client: 40.77.167.92, server: summertimegoa.com, request: "GET /images/travellers-palm/1-tailor-made-holidays-to-india.jpg HTTP/1.1", host: "www.summertimegoa.com"
2016/12/15 12:59:17 [error] 24969#0: *6679 open() "/home/alfred/webapps/summertime/public/images/gallery/portrait/4-luxury-villa-goa.jpg" failed (2: No such file or directory), client: 40.77.167.92, server: summertimegoa.com, request: "GET /images/gallery/portrait/4-luxury-villa-goa.jpg HTTP/1.1", host: "www.summertimegoa.com"
2016/12/15 13:56:43 [error] 24968#0: *7017 open() "/home/alfred/webapps/summertime/public/images/favicon/android-icon-192x192.png" failed (2: No such file or directory), client: 179.43.133.66, server: summertimegoa.com, request: "GET /images/favicon/android-icon-192x192.png HTTP/1.1", host: "www.summertimegoa.com"
2016/12/15 13:56:43 [error] 24968#0: *7017 open() "/home/alfred/webapps/summertime/public/images/Nominee-Boutique-Hotels-Awards-2016.jpg" failed (2: No such file or directory), client: 179.43.133.66, server: summertimegoa.com, request: "GET /images/Nominee-Boutique-Hotels-Awards-2016.jpg HTTP/1.1", host: "www.summertimegoa.com", referrer: "http://52.40.200.50/"
2016/12/15 13:56:43 [error] 24968#0: *7031 open() "/home/alfred/webapps/summertime/public/images/Secret-Villas.jpg" failed (2: No such file or directory), client: 179.43.133.66, server: summertimegoa.com, request: "GET /images/Secret-Villas.jpg HTTP/1.1", host: "www.summertimegoa.com", referrer: "http://52.40.200.50/"
2016/12/15 14:11:10 [error] 24968#0: *7128 open() "/home/alfred/webapps/summertime/public/images/Nominee-Boutique-Hotels-Awards-2016.jpg" failed (2: No such file or directory), client: 179.43.133.66, server: summertimegoa.com, request: "GET /images/Nominee-Boutique-Hotels-Awards-2016.jpg HTTP/1.1", host: "www.summertimegoa.com", referrer: "http://blog.summertimegoa.com/"
2016/12/15 14:11:10 [error] 24968#0: *7155 open() "/home/alfred/webapps/summertime/public/images/Secret-Villas.jpg" failed (2: No such file or directory), client: 179.43.133.66, server: summertimegoa.com, request: "GET /images/Secret-Villas.jpg HTTP/1.1", host: "www.summertimegoa.com", referrer: "http://blog.summertimegoa.com/"
2016/12/15 14:11:33 [error] 24968#0: *7155 open() "/home/alfred/webapps/summertime/public/images/Nominee-Boutique-Hotels-Awards-2016.jpg" failed (2: No such file or directory), client: 179.43.133.66, server: summertimegoa.com, request: "GET /images/Nominee-Boutique-Hotels-Awards-2016.jpg HTTP/1.1", host: "www.summertimegoa.com", referrer: "http://blog.summertimegoa.com/"
2016/12/15 14:11:33 [error] 24968#0: *7155 open() "/home/alfred/webapps/summertime/public/images/Secret-Villas.jpg" failed (2: No such file or directory), client: 179.43.133.66, server: summertimegoa.com, request: "GET /images/Secret-Villas.jpg HTTP/1.1", host: "www.summertimegoa.com", referrer: "http://blog.summertimegoa.com/"
2016/12/15 14:11:34 [error] 24968#0: *7155 open() "/home/alfred/webapps/summertime/public/images/Nominee-Boutique-Hotels-Awards-2016.jpg" failed (2: No such file or directory), client: 179.43.133.66, server: summertimegoa.com, request: "GET /images/Nominee-Boutique-Hotels-Awards-2016.jpg HTTP/1.1", host: "www.summertimegoa.com", referrer: "http://blog.summertimegoa.com/"
2016/12/15 14:16:27 [error] 24968#0: *7201 open() "/home/alfred/webapps/summertime/public/images/Nominee-Boutique-Hotels-Awards-2016.jpg" failed (2: No such file or directory), client: 179.43.133.66, server: summertimegoa.com, request: "GET /images/Nominee-Boutique-Hotels-Awards-2016.jpg HTTP/1.1", host: "www.summertimegoa.com", referrer: "http://blog.summertimegoa.com/"
2016/12/15 14:16:27 [error] 24968#0: *7200 open() "/home/alfred/webapps/summertime/public/images/Secret-Villas.jpg" failed (2: No such file or directory), client: 179.43.133.66, server: summertimegoa.com, request: "GET /images/Secret-Villas.jpg HTTP/1.1", host: "www.summertimegoa.com", referrer: "http://blog.summertimegoa.com/"
2016/12/15 14:16:58 [error] 24968#0: *7199 open() "/home/alfred/webapps/summertime/public/images/Nominee-Boutique-Hotels-Awards-2016.jpg" failed (2: No such file or directory), client: 179.43.133.66, server: summertimegoa.com, request: "GET /images/Nominee-Boutique-Hotels-Awards-2016.jpg HTTP/1.1", host: "www.summertimegoa.com", referrer: "http://blog.summertimegoa.com/"
2016/12/15 14:16:58 [error] 24968#0: *7201 open() "/home/alfred/webapps/summertime/public/images/Secret-Villas.jpg" failed (2: No such file or directory), client: 179.43.133.66, server: summertimegoa.com, request: "GET /images/Secret-Villas.jpg HTTP/1.1", host: "www.summertimegoa.com", referrer: "http://blog.summertimegoa.com/"
2016/12/15 14:16:59 [error] 24968#0: *7199 open() "/home/alfred/webapps/summertime/public/images/Nominee-Boutique-Hotels-Awards-2016.jpg" failed (2: No such file or directory), client: 179.43.133.66, server: summertimegoa.com, request: "GET /images/Nominee-Boutique-Hotels-Awards-2016.jpg HTTP/1.1", host: "www.summertimegoa.com", referrer: "http://blog.summertimegoa.com/"
2016/12/15 14:16:59 [error] 24968#0: *7201 open() "/home/alfred/webapps/summertime/public/images/Secret-Villas.jpg" failed (2: No such file or directory), client: 179.43.133.66, server: summertimegoa.com, request: "GET /images/Secret-Villas.jpg HTTP/1.1", host: "www.summertimegoa.com", referrer: "http://blog.summertimegoa.com/"
2016/12/15 22:18:37 [error] 13308#0: *1700 open() "/home/alfred/webapps/summertime/public/images/favicon/favicon-16x16.png" failed (2: No such file or directory), client: 138.128.180.74, server: summertimegoa.com, request: "GET /images/favicon/favicon-16x16.png HTTP/1.1", host: "www.summertimegoa.com", referrer: "http://blog.summertimegoa.com/"
2016/12/15 22:18:37 [error] 13308#0: *1700 open() "/home/alfred/webapps/summertime/public/images/favicon/favicon-96x96.png" failed (2: No such file or directory), client: 138.128.180.74, server: summertimegoa.com, request: "GET /images/favicon/favicon-96x96.png HTTP/1.1", host: "www.summertimegoa.com", referrer: "http://blog.summertimegoa.com/"
2016/12/15 22:18:38 [error] 13308#0: *1700 open() "/home/alfred/webapps/summertime/public/images/favicon/favicon-32x32.png" failed (2: No such file or directory), client: 138.128.180.74, server: summertimegoa.com, request: "GET /images/favicon/favicon-32x32.png HTTP/1.1", host: "www.summertimegoa.com", referrer: "http://blog.summertimegoa.com/"
2016/12/15 22:18:38 [error] 13308#0: *1700 open() "/home/alfred/webapps/summertime/public/images/favicon/android-icon-192x192.png" failed (2: No such file or directory), client: 138.128.180.74, server: summertimegoa.com, request: "GET /images/favicon/android-icon-192x192.png HTTP/1.1", host: "www.summertimegoa.com", referrer: "http://blog.summertimegoa.com/"
2016/12/15 22:28:08 [error] 13308#0: *1752 open() "/home/alfred/webapps/summertime/public/media/system/css/mootree.css" failed (2: No such file or directory), client: 108.175.11.230, server: summertimegoa.com, request: "HEAD /media/system/css/mootree.css HTTP/1.1", host: "travelers-palm.com"
2016/12/15 22:28:15 [error] 13308#0: *1754 open() "/home/alfred/webapps/summertime/public/js/mage/cookies.js" failed (2: No such file or directory), client: 108.175.11.230, server: summertimegoa.com, request: "HEAD /js/mage/cookies.js HTTP/1.1", host: "travelers-palm.com"
2016/12/16 06:49:47 [error] 30828#0: *908 open() "/home/alfred/webapps/summertime/public/images/home/pool.jpg" failed (2: No such file or directory), client: 66.220.146.25, server: summertimegoa.com, request: "GET /images/home/pool.jpg HTTP/1.1", host: "www.summertimegoa.com"
2016/12/16 09:35:25 [error] 30829#0: *1989 open() "/home/alfred/webapps/summertime/public/images/favicon/android-icon-192x192.png" failed (2: No such file or directory), client: 64.233.172.148, server: summertimegoa.com, request: "GET /images/favicon/android-icon-192x192.png HTTP/1.1", host: "summertimegoa.com"
2016/12/16 13:02:43 [error] 30828#0: *3339 open() "/home/alfred/webapps/summertime/public/images/home/luxury-rental-villa-in-Goa_2.jpg" failed (2: No such file or directory), client: 173.252.90.100, server: summertimegoa.com, request: "GET /images/home/luxury-rental-villa-in-Goa_2.jpg HTTP/1.1", host: "summertimegoa.com"
2016/12/16 13:28:16 [error] 30828#0: *3419 open() "/home/alfred/webapps/summertime/public/images/solita/3-luxury-cruise-charter-in-goa.jpg" failed (2: No such file or directory), client: 207.46.13.184, server: summertimegoa.com, request: "GET /images/solita/3-luxury-cruise-charter-in-goa.jpg HTTP/1.1", host: "www.summertimegoa.com"
2016/12/16 13:34:00 [error] 30828#0: *3429 open() "/home/alfred/webapps/summertime/public/images/home/Summertime_nominee_boutique_hotels_awards_2016.jpg" failed (2: No such file or directory), client: 207.46.13.184, server: summertimegoa.com, request: "GET /images/home/Summertime_nominee_boutique_hotels_awards_2016.jpg HTTP/1.1", host: "www.summertimegoa.com"
2016/12/16 13:35:03 [error] 30828#0: *3435 open() "/home/alfred/webapps/summertime/public/images/waterfall-and-koi-pond/5-luxury-villa-goa.jpg" failed (2: No such file or directory), client: 207.46.13.184, server: summertimegoa.com, request: "GET /images/waterfall-and-koi-pond/5-luxury-villa-goa.jpg HTTP/1.1", host: "www.summertimegoa.com"
2016/12/16 13:38:55 [error] 30828#0: *3452 open() "/home/alfred/webapps/summertime/public/images/travellers-palm/10-tailor-made-holidays-to-india.jpg" failed (2: No such file or directory), client: 40.77.167.92, server: summertimegoa.com, request: "GET /images/travellers-palm/10-tailor-made-holidays-to-india.jpg HTTP/1.1", host: "www.summertimegoa.com"
2016/12/16 13:43:43 [error] 30828#0: *3470 open() "/home/alfred/webapps/summertime/public/images/gallery/landscape/3-luxury-villa-goa.jpg" failed (2: No such file or directory), client: 40.77.167.92, server: summertimegoa.com, request: "GET /images/gallery/landscape/3-luxury-villa-goa.jpg HTTP/1.1", host: "www.summertimegoa.com"
2016/12/16 21:47:58 [error] 13711#0: *53 open() "/home/alfred/webapps/summertime/public/images/favicon/android-icon-192x192.png" failed (2: No such file or directory), client: 66.249.93.56, server: summertimegoa.com, request: "GET /images/favicon/android-icon-192x192.png HTTP/1.1", host: "summertimegoa.com"
2016/12/16 22:45:31 [error] 13711#0: *356 open() "/home/alfred/webapps/summertime/public/images/solita/1-luxury-cruise-charter-in-goa.jpg" failed (2: No such file or directory), client: 163.172.66.143, server: summertimegoa.com, request: "GET /images/solita/1-luxury-cruise-charter-in-goa.jpg HTTP/1.1", host: "www.summertimegoa.com"
2016/12/16 23:05:00 [error] 13711#0: *429 open() "/home/alfred/webapps/summertime/public/assets/css/custom.css" failed (2: No such file or directory), client: 66.249.65.93, server: summertimegoa.com, request: "GET /assets/css/custom.css?v=62ff26a7c8 HTTP/1.1", host: "www.travelers-palm.com"
2016/12/16 23:05:01 [error] 13711#0: *431 open() "/home/alfred/webapps/summertime/public/assets/css/font-awesome.min.css" failed (2: No such file or directory), client: 66.249.65.99, server: summertimegoa.com, request: "GET /assets/css/font-awesome.min.css?v=62ff26a7c8 HTTP/1.1", host: "www.travelers-palm.com"
2016/12/16 23:05:01 [error] 13711#0: *427 open() "/home/alfred/webapps/summertime/public/assets/css/bootstrap.min.css" failed (2: No such file or directory), client: 66.249.65.96, server: summertimegoa.com, request: "GET /assets/css/bootstrap.min.css?v=62ff26a7c8 HTTP/1.1", host: "www.travelers-palm.com"
2016/12/16 23:05:02 [error] 13711#0: *431 open() "/home/alfred/webapps/summertime/public/assets/css/screen.css" failed (2: No such file or directory), client: 66.249.65.99, server: summertimegoa.com, request: "GET /assets/css/screen.css?v=62ff26a7c8 HTTP/1.1", host: "www.travelers-palm.com"
2016/12/16 23:05:02 [error] 13711#0: *427 open() "/home/alfred/webapps/summertime/public/assets/css/animate.min.css" failed (2: No such file or directory), client: 66.249.65.96, server: summertimegoa.com, request: "GET /assets/css/animate.min.css?v=62ff26a7c8 HTTP/1.1", host: "www.travelers-palm.com"
2016/12/16 23:05:03 [error] 13711#0: *427 open() "/home/alfred/webapps/summertime/public/assets/css/style.min.css" failed (2: No such file or directory), client: 66.249.65.96, server: summertimegoa.com, request: "GET /assets/css/style.min.css?v=62ff26a7c8 HTTP/1.1", host: "www.travelers-palm.com"
2016/12/16 23:05:03 [error] 13711#0: *429 open() "/home/alfred/webapps/summertime/public/assets/css/responsive.min.css" failed (2: No such file or directory), client: 66.249.65.93, server: summertimegoa.com, request: "GET /assets/css/responsive.min.css?v=62ff26a7c8 HTTP/1.1", host: "www.travelers-palm.com"
2016/12/17 07:36:38 [error] 13711#0: *2073 open() "/home/alfred/webapps/summertime/public/assets/css/animate.min.css" failed (2: No such file or directory), client: 180.76.15.145, server: summertimegoa.com, request: "GET /assets/css/animate.min.css?v=62ff26a7c8 HTTP/1.1", host: "travelers-palm.com"
2016/12/17 08:08:28 [error] 13711#0: *2141 open() "/home/alfred/webapps/summertime/public/images/home/Nominee-Boutique-Hotels-Awards.jpg" failed (2: No such file or directory), client: 66.249.80.14, server: summertimegoa.com, request: "GET /images/home/Nominee-Boutique-Hotels-Awards.jpg HTTP/1.1", host: "www.summertimegoa.com"
2016/12/17 08:09:19 [error] 13711#0: *2143 open() "/home/alfred/webapps/summertime/public/images/home/Nominee-Boutique-Hotels-Awards.jpg" failed (2: No such file or directory), client: 66.249.84.212, server: summertimegoa.com, request: "GET /images/home/Nominee-Boutique-Hotels-Awards.jpg HTTP/1.1", host: "www.summertimegoa.com"
2016/12/17 13:15:35 [error] 13711#0: *4418 open() "/home/alfred/webapps/summertime/public/images/travellers-palm/1-tailor-made-holidays-to-india.jpg" failed (2: No such file or directory), client: 178.132.219.218, server: summertimegoa.com, request: "GET /images/travellers-palm/1-tailor-made-holidays-to-india.jpg HTTP/1.1", host: "www.summertimegoa.com", referrer: "https://www.bing.com/"
2016/12/17 14:12:22 [error] 13711#0: *4629 open() "/home/alfred/webapps/summertime/public/images/gallery/10-luxury-villa-goa.jpg" failed (2: No such file or directory), client: 77.75.77.17, server: summertimegoa.com, request: "GET /images/gallery/10-luxury-villa-goa.jpg HTTP/1.1", host: "www.summertimegoa.com"
2016/12/17 14:51:53 [error] 13711#0: *4824 open() "/home/alfred/webapps/summertime/public/images/solita/1-luxury-cruise-charter-in-goa.jpg" failed (2: No such file or directory), client: 207.46.13.185, server: summertimegoa.com, request: "GET /images/solita/1-luxury-cruise-charter-in-goa.jpg HTTP/1.1", host: "www.summertimegoa.com"
2016/12/17 14:58:14 [error] 13711#0: *4842 open() "/home/alfred/webapps/summertime/public/images/gallery/landscape/19-luxury-villa-goa.jpg" failed (2: No such file or directory), client: 207.46.13.185, server: summertimegoa.com, request: "GET /images/gallery/landscape/19-luxury-villa-goa.jpg HTTP/1.1", host: "www.summertimegoa.com"
2016/12/17 15:10:20 [error] 13711#0: *4899 open() "/home/alfred/webapps/summertime/public/images/gallery/portrait/3-luxury-villa-goa.jpg" failed (2: No such file or directory), client: 207.46.13.185, server: summertimegoa.com, request: "GET /images/gallery/portrait/3-luxury-villa-goa.jpg HTTP/1.1", host: "www.summertimegoa.com"
2016/12/17 15:11:47 [error] 13711#0: *4907 open() "/home/alfred/webapps/summertime/public/images/gallery/portrait/17-luxury-villa-goa.jpg" failed (2: No such file or directory), client: 207.46.13.107, server: summertimegoa.com, request: "GET /images/gallery/portrait/17-luxury-villa-goa.jpg HTTP/1.1", host: "www.summertimegoa.com"
2016/12/17 15:57:40 [error] 13711#0: *5009 open() "/home/alfred/webapps/summertime/public/images/gallery/landscape/26-luxury-villa-goa.jpg" failed (2: No such file or directory), client: 77.75.78.166, server: summertimegoa.com, request: "GET /images/gallery/landscape/26-luxury-villa-goa.jpg HTTP/1.1", host: "www.summertimegoa.com"
2016/12/17 17:43:14 [error] 13711#0: *6147 open() "/home/alfred/webapps/summertime/public/images/gallery/11-luxury-villa-goa.jpg" failed (2: No such file or directory), client: 77.75.76.170, server: summertimegoa.com, request: "GET /images/gallery/11-luxury-villa-goa.jpg HTTP/1.1", host: "www.summertimegoa.com"
2016/12/17 20:30:53 [error] 13711#0: *6759 open() "/home/alfred/webapps/summertime/public/images/gallery/landscape/17-luxury-villa-goa.jpg" failed (2: No such file or directory), client: 77.75.78.171, server: summertimegoa.com, request: "GET /images/gallery/landscape/17-luxury-villa-goa.jpg HTTP/1.1", host: "www.summertimegoa.com"
2016/12/17 20:34:45 [error] 13711#0: *6768 open() "/home/alfred/webapps/summertime/public/assets/css/style.min.css" failed (2: No such file or directory), client: 180.76.15.161, server: summertimegoa.com, request: "GET /assets/css/style.min.css?v=62ff26a7c8 HTTP/1.1", host: "travelers-palm.com"
2016/12/17 22:57:24 [error] 13711#0: *7176 open() "/home/alfred/webapps/summertime/public/images/gallery/landscape/23-luxury-villa-goa.jpg" failed (2: No such file or directory), client: 77.75.77.72, server: summertimegoa.com, request: "GET /images/gallery/landscape/23-luxury-villa-goa.jpg HTTP/1.1", host: "www.summertimegoa.com"
2016/12/18 01:31:46 [error] 13711#0: *7676 open() "/home/alfred/webapps/summertime/public/images/contact-us/contact-us_2.jpg" failed (2: No such file or directory), client: 77.75.78.164, server: summertimegoa.com, request: "GET /images/contact-us/contact-us_2.jpg HTTP/1.1", host: "www.summertimegoa.com"
2016/12/18 04:14:29 [error] 13711#0: *8059 open() "/home/alfred/webapps/summertime/public/assets/css/style.min.css" failed (2: No such file or directory), client: 66.249.75.97, server: summertimegoa.com, request: "GET /assets/css/style.min.css?v=62ff26a7c8 HTTP/1.1", host: "traveljadoo.com", referrer: "http://traveljadoo.com/birds-you-may-see-at-summertime/"
2016/12/18 04:14:30 [error] 13711#0: *8061 open() "/home/alfred/webapps/summertime/public/assets/css/bootstrap.min.css" failed (2: No such file or directory), client: 66.249.75.100, server: summertimegoa.com, request: "GET /assets/css/bootstrap.min.css?v=62ff26a7c8 HTTP/1.1", host: "traveljadoo.com", referrer: "http://traveljadoo.com/birds-you-may-see-at-summertime/"
2016/12/18 04:14:31 [error] 13711#0: *8063 open() "/home/alfred/webapps/summertime/public/assets/css/font-awesome.min.css" failed (2: No such file or directory), client: 66.249.75.94, server: summertimegoa.com, request: "GET /assets/css/font-awesome.min.css?v=62ff26a7c8 HTTP/1.1", host: "traveljadoo.com", referrer: "http://traveljadoo.com/birds-you-may-see-at-summertime/"
2016/12/18 04:14:31 [error] 13711#0: *8063 open() "/home/alfred/webapps/summertime/public/assets/css/custom.css" failed (2: No such file or directory), client: 66.249.75.94, server: summertimegoa.com, request: "GET /assets/css/custom.css?v=62ff26a7c8 HTTP/1.1", host: "traveljadoo.com", referrer: "http://traveljadoo.com/birds-you-may-see-at-summertime/"
2016/12/18 04:14:31 [error] 13711#0: *8063 open() "/home/alfred/webapps/summertime/public/assets/css/screen.css" failed (2: No such file or directory), client: 66.249.75.94, server: summertimegoa.com, request: "GET /assets/css/screen.css?v=62ff26a7c8 HTTP/1.1", host: "traveljadoo.com", referrer: "http://traveljadoo.com/birds-you-may-see-at-summertime/"
2016/12/18 04:14:32 [error] 13711#0: *8063 open() "/home/alfred/webapps/summertime/public/assets/css/animate.min.css" failed (2: No such file or directory), client: 66.249.75.94, server: summertimegoa.com, request: "GET /assets/css/animate.min.css?v=62ff26a7c8 HTTP/1.1", host: "traveljadoo.com", referrer: "http://traveljadoo.com/birds-you-may-see-at-summertime/"
2016/12/18 04:14:32 [error] 13711#0: *8061 open() "/home/alfred/webapps/summertime/public/assets/css/responsive.min.css" failed (2: No such file or directory), client: 66.249.75.100, server: summertimegoa.com, request: "GET /assets/css/responsive.min.css?v=62ff26a7c8 HTTP/1.1", host: "traveljadoo.com", referrer: "http://traveljadoo.com/birds-you-may-see-at-summertime/"
2016/12/18 05:52:25 [error] 13711#0: *8295 open() "/home/alfred/webapps/summertime/public/assets/css/custom.css" failed (2: No such file or directory), client: 66.249.69.56, server: summertimegoa.com, request: "GET /assets/css/custom.css?v=62ff26a7c8 HTTP/1.1", host: "www.yachtchartergoa.com", referrer: "http://www.yachtchartergoa.com/"
2016/12/18 05:52:25 [error] 13711#0: *8298 open() "/home/alfred/webapps/summertime/public/assets/css/animate.min.css" failed (2: No such file or directory), client: 66.249.69.52, server: summertimegoa.com, request: "GET /assets/css/animate.min.css?v=62ff26a7c8 HTTP/1.1", host: "www.yachtchartergoa.com", referrer: "http://www.yachtchartergoa.com/"
2016/12/18 05:52:26 [error] 13711#0: *8300 open() "/home/alfred/webapps/summertime/public/assets/css/style.min.css" failed (2: No such file or directory), client: 66.249.69.60, server: summertimegoa.com, request: "GET /assets/css/style.min.css?v=62ff26a7c8 HTTP/1.1", host: "www.yachtchartergoa.com", referrer: "http://www.yachtchartergoa.com/"
2016/12/18 05:52:26 [error] 13711#0: *8300 open() "/home/alfred/webapps/summertime/public/assets/css/bootstrap.min.css" failed (2: No such file or directory), client: 66.249.69.60, server: summertimegoa.com, request: "GET /assets/css/bootstrap.min.css?v=62ff26a7c8 HTTP/1.1", host: "www.yachtchartergoa.com", referrer: "http://www.yachtchartergoa.com/"
2016/12/18 05:52:27 [error] 13711#0: *8295 open() "/home/alfred/webapps/summertime/public/assets/css/responsive.min.css" failed (2: No such file or directory), client: 66.249.69.56, server: summertimegoa.com, request: "GET /assets/css/responsive.min.css?v=62ff26a7c8 HTTP/1.1", host: "www.yachtchartergoa.com", referrer: "http://www.yachtchartergoa.com/"
2016/12/18 05:52:27 [error] 13711#0: *8295 open() "/home/alfred/webapps/summertime/public/assets/css/font-awesome.min.css" failed (2: No such file or directory), client: 66.249.69.56, server: summertimegoa.com, request: "GET /assets/css/font-awesome.min.css?v=62ff26a7c8 HTTP/1.1", host: "www.yachtchartergoa.com", referrer: "http://www.yachtchartergoa.com/"
2016/12/18 05:52:28 [error] 13711#0: *8300 open() "/home/alfred/webapps/summertime/public/assets/css/screen.css" failed (2: No such file or directory), client: 66.249.69.60, server: summertimegoa.com, request: "GET /assets/css/screen.css?v=62ff26a7c8 HTTP/1.1", host: "www.yachtchartergoa.com", referrer: "http://www.yachtchartergoa.com/"
2016/12/18 08:51:29 [error] 13711#0: *8700 open() "/home/alfred/webapps/summertime/public/images/contact-us/contact-us.jpg" failed (2: No such file or directory), client: 66.249.84.198, server: summertimegoa.com, request: "GET /images/contact-us/contact-us.jpg HTTP/1.1", host: "summertimegoa.com"
2016/12/18 12:54:10 [error] 13712#0: *9573 open() "/home/alfred/webapps/summertime/public/images/amenities-and-inclusions/luxury-villa-goa_1.jpg" failed (2: No such file or directory), client: 207.46.13.107, server: summertimegoa.com, request: "GET /images/amenities-and-inclusions/luxury-villa-goa_1.jpg HTTP/1.1", host: "www.summertimegoa.com"
2016/12/18 13:02:32 [error] 13712#0: *9577 open() "/home/alfred/webapps/summertime/public/images/travellers-palm/6-tailor-made-holidays-to-india.jpg" failed (2: No such file or directory), client: 207.46.13.185, server: summertimegoa.com, request: "GET /images/travellers-palm/6-tailor-made-holidays-to-india.jpg HTTP/1.1", host: "www.summertimegoa.com"
2016/12/18 13:19:56 [error] 13712#0: *9682 open() "/home/alfred/webapps/summertime/public/images/the-sunflower-suite/4-luxury-villa-goa.jpg" failed (2: No such file or directory), client: 40.77.167.92, server: summertimegoa.com, request: "GET /images/the-sunflower-suite/4-luxury-villa-goa.jpg HTTP/1.1", host: "www.summertimegoa.com"
2016/12/18 16:31:21 [error] 13711#0: *10497 open() "/home/alfred/webapps/summertime/public/images/contact-us/contact-us.jpg" failed (2: No such file or directory), client: 66.249.84.200, server: summertimegoa.com, request: "GET /images/contact-us/contact-us.jpg HTTP/1.1", host: "summertimegoa.com"
2016/12/19 00:09:21 [error] 26974#0: *198 open() "/home/alfred/webapps/summertime/public/images/travellers-palm/7-tailor-made-holidays-to-india.jpg" failed (2: No such file or directory), client: 163.172.64.234, server: www.summertimegoa.com, request: "GET /images/travellers-palm/7-tailor-made-holidays-to-india.jpg HTTP/1.1", host: "www.summertimegoa.com"
2016/12/19 03:13:57 [error] 26973#0: *889 open() "/home/alfred/webapps/summertime/public/assets/css/responsive.min.css" failed (2: No such file or directory), client: 66.249.66.65, server: www.summertimegoa.com, request: "GET /assets/css/responsive.min.css?v=62ff26a7c8 HTTP/1.1", host: "www.travellers-palm.co.uk"
2016/12/19 03:13:57 [error] 26973#0: *894 open() "/home/alfred/webapps/summertime/public/assets/css/animate.min.css" failed (2: No such file or directory), client: 66.249.66.126, server: www.summertimegoa.com, request: "GET /assets/css/animate.min.css?v=62ff26a7c8 HTTP/1.1", host: "www.travellers-palm.co.uk"
2016/12/19 03:13:58 [error] 26973#0: *889 open() "/home/alfred/webapps/summertime/public/assets/css/bootstrap.min.css" failed (2: No such file or directory), client: 66.249.66.65, server: www.summertimegoa.com, request: "GET /assets/css/bootstrap.min.css?v=62ff26a7c8 HTTP/1.1", host: "www.travellers-palm.co.uk"
2016/12/19 03:13:58 [error] 26973#0: *889 open() "/home/alfred/webapps/summertime/public/assets/css/custom.css" failed (2: No such file or directory), client: 66.249.66.65, server: www.summertimegoa.com, request: "GET /assets/css/custom.css?v=62ff26a7c8 HTTP/1.1", host: "www.travellers-palm.co.uk"
2016/12/19 03:13:58 [error] 26973#0: *894 open() "/home/alfred/webapps/summertime/public/assets/css/screen.css" failed (2: No such file or directory), client: 66.249.66.126, server: www.summertimegoa.com, request: "GET /assets/css/screen.css?v=62ff26a7c8 HTTP/1.1", host: "www.travellers-palm.co.uk"
2016/12/19 03:13:59 [error] 26973#0: *889 open() "/home/alfred/webapps/summertime/public/assets/css/style.min.css" failed (2: No such file or directory), client: 66.249.66.65, server: www.summertimegoa.com, request: "GET /assets/css/style.min.css?v=62ff26a7c8 HTTP/1.1", host: "www.travellers-palm.co.uk"
2016/12/19 03:13:59 [error] 26973#0: *889 open() "/home/alfred/webapps/summertime/public/assets/css/font-awesome.min.css" failed (2: No such file or directory), client: 66.249.66.65, server: www.summertimegoa.com, request: "GET /assets/css/font-awesome.min.css?v=62ff26a7c8 HTTP/1.1", host: "www.travellers-palm.co.uk"
2016/12/19 03:47:24 [error] 26973#0: *1002 open() "/home/alfred/webapps/summertime/public/assets/css/animate.min.css" failed (2: No such file or directory), client: 66.249.66.67, server: www.summertimegoa.com, request: "GET /assets/css/animate.min.css?v=62ff26a7c8 HTTP/1.1", host: "yachtchartergoa.com"
2016/12/19 03:47:24 [error] 26973#0: *999 open() "/home/alfred/webapps/summertime/public/assets/css/responsive.min.css" failed (2: No such file or directory), client: 66.249.66.64, server: www.summertimegoa.com, request: "GET /assets/css/responsive.min.css?v=62ff26a7c8 HTTP/1.1", host: "yachtchartergoa.com"
2016/12/19 03:47:25 [error] 26973#0: *1002 open() "/home/alfred/webapps/summertime/public/assets/css/custom.css" failed (2: No such file or directory), client: 66.249.66.67, server: www.summertimegoa.com, request: "GET /assets/css/custom.css?v=62ff26a7c8 HTTP/1.1", host: "yachtchartergoa.com"
2016/12/19 03:47:25 [error] 26973#0: *999 open() "/home/alfred/webapps/summertime/public/assets/css/font-awesome.min.css" failed (2: No such file or directory), client: 66.249.66.64, server: www.summertimegoa.com, request: "GET /assets/css/font-awesome.min.css?v=62ff26a7c8 HTTP/1.1", host: "yachtchartergoa.com"
2016/12/19 03:47:26 [error] 26973#0: *1002 open() "/home/alfred/webapps/summertime/public/assets/css/bootstrap.min.css" failed (2: No such file or directory), client: 66.249.66.67, server: www.summertimegoa.com, request: "GET /assets/css/bootstrap.min.css?v=62ff26a7c8 HTTP/1.1", host: "yachtchartergoa.com"
2016/12/19 03:47:26 [error] 26973#0: *999 open() "/home/alfred/webapps/summertime/public/assets/css/screen.css" failed (2: No such file or directory), client: 66.249.66.64, server: www.summertimegoa.com, request: "GET /assets/css/screen.css?v=62ff26a7c8 HTTP/1.1", host: "yachtchartergoa.com"
2016/12/19 03:47:26 [error] 26973#0: *999 open() "/home/alfred/webapps/summertime/public/assets/css/style.min.css" failed (2: No such file or directory), client: 66.249.66.64, server: www.summertimegoa.com, request: "GET /assets/css/style.min.css?v=62ff26a7c8 HTTP/1.1", host: "yachtchartergoa.com"
2016/12/19 05:12:45 [error] 26973#0: *1227 open() "/home/alfred/webapps/summertime/public/images/contact-us/contact-us.jpg" failed (2: No such file or directory), client: 66.249.84.214, server: www.summertimegoa.com, request: "GET /images/contact-us/contact-us.jpg HTTP/1.1", host: "www.summertimegoa.com"
2016/12/19 05:14:24 [error] 26973#0: *1236 open() "/home/alfred/webapps/summertime/public/images/contact-us/contact-us.jpg" failed (2: No such file or directory), client: 66.249.84.210, server: www.summertimegoa.com, request: "GET /images/contact-us/contact-us.jpg HTTP/1.1", host: "www.summertimegoa.com"
2016/12/19 05:14:35 [error] 26973#0: *1236 open() "/home/alfred/webapps/summertime/public/images/contact-us/contact-us.jpg" failed (2: No such file or directory), client: 66.249.84.210, server: www.summertimegoa.com, request: "GET /images/contact-us/contact-us.jpg HTTP/1.1", host: "www.summertimegoa.com"
2016/12/19 11:16:34 [error] 26974#0: *2629 open() "/home/alfred/webapps/summertime/public/assets/css/responsive.min.css" failed (2: No such file or directory), client: 66.249.66.135, server: www.summertimegoa.com, request: "GET /assets/css/responsive.min.css?v=62ff26a7c8 HTTP/1.1", host: "www.travellers-palm.co.in"
2016/12/19 11:16:34 [error] 26974#0: *2629 open() "/home/alfred/webapps/summertime/public/assets/css/screen.css" failed (2: No such file or directory), client: 66.249.66.135, server: www.summertimegoa.com, request: "GET /assets/css/screen.css?v=62ff26a7c8 HTTP/1.1", host: "www.travellers-palm.co.in"
2016/12/19 11:16:35 [error] 26974#0: *2633 open() "/home/alfred/webapps/summertime/public/assets/css/style.min.css" failed (2: No such file or directory), client: 66.249.66.131, server: www.summertimegoa.com, request: "GET /assets/css/style.min.css?v=62ff26a7c8 HTTP/1.1", host: "www.travellers-palm.co.in"
2016/12/19 11:16:35 [error] 26974#0: *2629 open() "/home/alfred/webapps/summertime/public/assets/css/custom.css" failed (2: No such file or directory), client: 66.249.66.135, server: www.summertimegoa.com, request: "GET /assets/css/custom.css?v=62ff26a7c8 HTTP/1.1", host: "www.travellers-palm.co.in"
2016/12/19 11:16:36 [error] 26974#0: *2629 open() "/home/alfred/webapps/summertime/public/assets/css/bootstrap.min.css" failed (2: No such file or directory), client: 66.249.66.135, server: www.summertimegoa.com, request: "GET /assets/css/bootstrap.min.css?v=62ff26a7c8 HTTP/1.1", host: "www.travellers-palm.co.in"
2016/12/19 11:16:36 [error] 26974#0: *2629 open() "/home/alfred/webapps/summertime/public/assets/css/animate.min.css" failed (2: No such file or directory), client: 66.249.66.135, server: www.summertimegoa.com, request: "GET /assets/css/animate.min.css?v=62ff26a7c8 HTTP/1.1", host: "www.travellers-palm.co.in"
2016/12/19 11:16:37 [error] 26974#0: *2633 open() "/home/alfred/webapps/summertime/public/assets/css/font-awesome.min.css" failed (2: No such file or directory), client: 66.249.66.131, server: www.summertimegoa.com, request: "GET /assets/css/font-awesome.min.css?v=62ff26a7c8 HTTP/1.1", host: "www.travellers-palm.co.in"
2016/12/19 11:27:15 [error] 26974#0: *2674 open() "/home/alfred/webapps/summertime/public/images/hotel/hotel_2662_large_1.jpg" failed (2: No such file or directory), client: 66.249.66.33, server: www.summertimegoa.com, request: "GET /images/hotel/hotel_2662_large_1.jpg HTTP/1.1", host: "traveljadoo.com"
2016/12/19 12:34:54 [error] 26974#0: *2918 open() "/home/alfred/webapps/summertime/public/assets/css/screen.css" failed (2: No such file or directory), client: 66.249.66.113, server: www.summertimegoa.com, request: "GET /assets/css/screen.css?v=62ff26a7c8 HTTP/1.1", host: "travelers-palm.com"
2016/12/19 12:34:54 [error] 26974#0: *2918 open() "/home/alfred/webapps/summertime/public/assets/css/style.min.css" failed (2: No such file or directory), client: 66.249.66.113, server: www.summertimegoa.com, request: "GET /assets/css/style.min.css?v=62ff26a7c8 HTTP/1.1", host: "travelers-palm.com"
2016/12/19 12:34:55 [error] 26974#0: *2918 open() "/home/alfred/webapps/summertime/public/assets/css/animate.min.css" failed (2: No such file or directory), client: 66.249.66.113, server: www.summertimegoa.com, request: "GET /assets/css/animate.min.css?v=62ff26a7c8 HTTP/1.1", host: "travelers-palm.com"
2016/12/19 12:34:55 [error] 26974#0: *2918 open() "/home/alfred/webapps/summertime/public/assets/css/custom.css" failed (2: No such file or directory), client: 66.249.66.113, server: www.summertimegoa.com, request: "GET /assets/css/custom.css?v=62ff26a7c8 HTTP/1.1", host: "travelers-palm.com"
2016/12/19 12:34:56 [error] 26974#0: *2918 open() "/home/alfred/webapps/summertime/public/assets/css/bootstrap.min.css" failed (2: No such file or directory), client: 66.249.66.113, server: www.summertimegoa.com, request: "GET /assets/css/bootstrap.min.css?v=62ff26a7c8 HTTP/1.1", host: "travelers-palm.com"
2016/12/19 12:34:56 [error] 26974#0: *2918 open() "/home/alfred/webapps/summertime/public/assets/css/font-awesome.min.css" failed (2: No such file or directory), client: 66.249.66.113, server: www.summertimegoa.com, request: "GET /assets/css/font-awesome.min.css?v=62ff26a7c8 HTTP/1.1", host: "travelers-palm.com"
2016/12/19 12:34:57 [error] 26974#0: *2918 open() "/home/alfred/webapps/summertime/public/assets/css/responsive.min.css" failed (2: No such file or directory), client: 66.249.66.113, server: www.summertimegoa.com, request: "GET /assets/css/responsive.min.css?v=62ff26a7c8 HTTP/1.1", host: "travelers-palm.com"
2016/12/19 13:10:58 [error] 26974#0: *3187 open() "/home/alfred/webapps/summertime/public/images/amenities-and-inclusions/luxury-villa-goa_3.jpg" failed (2: No such file or directory), client: 207.46.13.184, server: www.summertimegoa.com, request: "GET /images/amenities-and-inclusions/luxury-villa-goa_3.jpg HTTP/1.1", host: "www.summertimegoa.com"
2016/12/19 16:12:28 [error] 8836#0: *194 open() "/home/alfred/webapps/summertime/public/assets/js/jquery.noconflict.odcmin.js" failed (2: No such file or directory), client: 180.76.15.17, server: www.summertimegoa.com, request: "GET /assets/js/jquery.noconflict.odcmin.js HTTP/1.1", host: "traveljadoo.com"
2016/12/19 17:19:27 [error] 8837#0: *420 open() "/home/alfred/webapps/summertime/public/assets/js/jquery.fitvids.js" failed (2: No such file or directory), client: 180.76.15.27, server: www.summertimegoa.com, request: "GET /assets/js/jquery.fitvids.js HTTP/1.1", host: "traveljadoo.com"
2016/12/19 19:28:23 [error] 8837#0: *2073 open() "/home/alfred/webapps/summertime/public/images/travellers-palm/10-tailor-made-holidays-to-india.jpg" failed (2: No such file or directory), client: 5.146.161.139, server: www.summertimegoa.com, request: "GET /images/travellers-palm/10-tailor-made-holidays-to-india.jpg HTTP/1.1", host: "www.summertimegoa.com"
2016/12/20 08:48:50 [error] 8836#0: *4460 open() "/home/alfred/webapps/summertime/public/images/favicon/android-icon-192x192.png" failed (2: No such file or directory), client: 66.102.6.95, server: www.summertimegoa.com, request: "GET /images/favicon/android-icon-192x192.png HTTP/1.1", host: "www.summertimegoa.com"
2016/12/20 10:47:41 [error] 8836#0: *4760 open() "/home/alfred/webapps/summertime/public/images/contact-us/contact-us.jpg" failed (2: No such file or directory), client: 66.249.84.214, server: www.summertimegoa.com, request: "GET /images/contact-us/contact-us.jpg HTTP/1.1", host: "www.summertimegoa.com"
2016/12/20 10:53:22 [error] 8836#0: *4779 open() "/home/alfred/webapps/summertime/public/js/mage/cookies.js" failed (2: No such file or directory), client: 188.165.207.133, server: www.summertimegoa.com, request: "GET /js/mage/cookies.js HTTP/1.1", host: "www.summertimegoa.com"
2016/12/20 10:57:43 [error] 8836#0: *4797 open() "/home/alfred/webapps/summertime/public/images/contact-us/contact-us.jpg" failed (2: No such file or directory), client: 66.249.84.214, server: www.summertimegoa.com, request: "GET /images/contact-us/contact-us.jpg HTTP/1.1", host: "www.summertimegoa.com"
2016/12/20 10:57:45 [error] 8836#0: *4800 open() "/home/alfred/webapps/summertime/public/images/contact-us/contact-us.jpg" failed (2: No such file or directory), client: 66.249.84.210, server: www.summertimegoa.com, request: "GET /images/contact-us/contact-us.jpg HTTP/1.1", host: "www.summertimegoa.com"
2016/12/20 10:58:20 [error] 8836#0: *4797 open() "/home/alfred/webapps/summertime/public/images/contact-us/contact-us.jpg" failed (2: No such file or directory), client: 66.249.84.214, server: www.summertimegoa.com, request: "GET /images/contact-us/contact-us.jpg HTTP/1.1", host: "www.summertimegoa.com"
2016/12/20 10:58:23 [error] 8836#0: *4797 open() "/home/alfred/webapps/summertime/public/images/contact-us/contact-us.jpg" failed (2: No such file or directory), client: 66.249.84.214, server: www.summertimegoa.com, request: "GET /images/contact-us/contact-us.jpg HTTP/1.1", host: "www.summertimegoa.com"
2016/12/20 11:00:33 [error] 8836#0: *4811 open() "/home/alfred/webapps/summertime/public/images/contact-us/contact-us.jpg" failed (2: No such file or directory), client: 66.249.84.214, server: www.summertimegoa.com, request: "GET /images/contact-us/contact-us.jpg HTTP/1.1", host: "www.summertimegoa.com"
2016/12/20 11:00:34 [error] 8836#0: *4814 open() "/home/alfred/webapps/summertime/public/images/contact-us/contact-us.jpg" failed (2: No such file or directory), client: 66.249.84.210, server: www.summertimegoa.com, request: "GET /images/contact-us/contact-us.jpg HTTP/1.1", host: "www.summertimegoa.com"
2016/12/20 12:46:36 [error] 8836#0: *5110 open() "/home/alfred/webapps/summertime/public/assets/js/jquery-ui.1.10.4.min.js" failed (2: No such file or directory), client: 180.76.15.142, server: www.summertimegoa.com, request: "GET /assets/js/jquery-ui.1.10.4.min.js HTTP/1.1", host: "traveljadoo.com"
2016/12/20 13:07:00 [error] 8837#0: *5190 open() "/home/alfred/webapps/summertime/public/assets/images/summertime.jpg" failed (2: No such file or directory), client: 207.46.13.118, server: www.summertimegoa.com, request: "GET /assets/images/summertime.jpg?v=3646fb5188 HTTP/1.1", host: "traveljadoo.com"
2016/12/20 13:54:14 [error] 8836#0: *5490 open() "/home/alfred/webapps/summertime/public/images/home/10 Picnic table under a cashew tree.jpg" failed (2: No such file or directory), client: 157.55.39.168, server: www.summertimegoa.com, request: "GET /images/home/10%20Picnic%20table%20under%20a%20cashew%20tree.jpg HTTP/1.1", host: "www.summertimegoa.com"
2016/12/20 13:56:09 [error] 8836#0: *5495 open() "/home/alfred/webapps/summertime/public/images/waterfall-and-koi-pond/6-luxury-villa-goa.jpg" failed (2: No such file or directory), client: 207.46.13.184, server: www.summertimegoa.com, request: "GET /images/waterfall-and-koi-pond/6-luxury-villa-goa.jpg HTTP/1.1", host: "www.summertimegoa.com"
2016/12/20 14:50:04 [error] 8836#0: *5659 open() "/home/alfred/webapps/summertime/public/assets/js/jquery-migrate-1.2.1.min.js" failed (2: No such file or directory), client: 180.76.15.138, server: www.summertimegoa.com, request: "GET /assets/js/jquery-migrate-1.2.1.min.js HTTP/1.1", host: "www.travelers-palm.com"
2016/12/20 15:05:04 [error] 8836#0: *5670 open() "/home/alfred/webapps/summertime/public/assets/js/modernizr.2.7.1.min.js" failed (2: No such file or directory), client: 180.76.15.156, server: www.summertimegoa.com, request: "GET /assets/js/modernizr.2.7.1.min.js HTTP/1.1", host: "traveljadoo.com"
2016/12/20 16:07:16 [error] 8836#0: *5816 open() "/home/alfred/webapps/summertime/public/assets/js/jquery.fitvids.js" failed (2: No such file or directory), client: 66.249.75.22, server: www.summertimegoa.com, request: "GET /assets/js/jquery.fitvids.js?v=62ff26a7c8 HTTP/1.1", host: "yachtchartergoa.com"
2016/12/20 16:07:16 [error] 8836#0: *5818 open() "/home/alfred/webapps/summertime/public/assets/js/jquery.noconflict.odcmin.js" failed (2: No such file or directory), client: 66.249.75.19, server: www.summertimegoa.com, request: "GET /assets/js/jquery.noconflict.odcmin.js?v=62ff26a7c8 HTTP/1.1", host: "yachtchartergoa.com"
