2016/12/20 16:07:17 [error] 8836#0: *5818 open() "/home/alfred/webapps/summertime/public/assets/js/jquery-migrate-1.2.1.min.js" failed (2: No such file or directory), client: 66.249.75.19, server: www.summertimegoa.com, request: "GET /assets/js/jquery-migrate-1.2.1.min.js?v=62ff26a7c8 HTTP/1.1", host: "yachtchartergoa.com"
2016/12/20 16:07:17 [error] 8836#0: *5818 open() "/home/alfred/webapps/summertime/public/assets/js/modernizr.2.7.1.min.js" failed (2: No such file or directory), client: 66.249.75.19, server: www.summertimegoa.com, request: "GET /assets/js/modernizr.2.7.1.min.js?v=62ff26a7c8 HTTP/1.1", host: "yachtchartergoa.com"
2016/12/20 16:07:17 [error] 8836#0: *5816 open() "/home/alfred/webapps/summertime/public/assets/js/index.js" failed (2: No such file or directory), client: 66.249.75.22, server: www.summertimegoa.com, request: "GET /assets/js/index.js?v=62ff26a7c8 HTTP/1.1", host: "yachtchartergoa.com"
2016/12/20 16:07:18 [error] 8836#0: *5818 open() "/home/alfred/webapps/summertime/public/assets/js/bootstrap.min.js" failed (2: No such file or directory), client: 66.249.75.19, server: www.summertimegoa.com, request: "GET /assets/js/bootstrap.min.js?v=62ff26a7c8 HTTP/1.1", host: "yachtchartergoa.com"
2016/12/20 16:07:18 [error] 8836#0: *5818 open() "/home/alfred/webapps/summertime/public/assets/js/jquery-ui.1.10.4.min.js" failed (2: No such file or directory), client: 66.249.75.19, server: www.summertimegoa.com, request: "GET /assets/js/jquery-ui.1.10.4.min.js?v=62ff26a7c8 HTTP/1.1", host: "yachtchartergoa.com"
2016/12/20 16:07:19 [error] 8836#0: *5816 open() "/home/alfred/webapps/summertime/public/assets/js/jquery.placeholder.odcmin.js" failed (2: No such file or directory), client: 66.249.75.22, server: www.summertimegoa.com, request: "GET /assets/js/jquery.placeholder.odcmin.js?v=62ff26a7c8 HTTP/1.1", host: "yachtchartergoa.com"
2016/12/20 16:18:06 [error] 8837#0: *5833 open() "/home/alfred/webapps/summertime/public/assets/js/jquery.fitvids.js" failed (2: No such file or directory), client: 66.249.75.29, server: www.summertimegoa.com, request: "GET /assets/js/jquery.fitvids.js?v=62ff26a7c8 HTTP/1.1", host: "www.travellers-palm.co.uk"
2016/12/20 16:18:06 [error] 8837#0: *5833 open() "/home/alfred/webapps/summertime/public/assets/js/index.js" failed (2: No such file or directory), client: 66.249.75.29, server: www.summertimegoa.com, request: "GET /assets/js/index.js?v=62ff26a7c8 HTTP/1.1", host: "www.travellers-palm.co.uk"
2016/12/20 16:18:06 [error] 8837#0: *5833 open() "/home/alfred/webapps/summertime/public/assets/js/jquery.noconflict.odcmin.js" failed (2: No such file or directory), client: 66.249.75.29, server: www.summertimegoa.com, request: "GET /assets/js/jquery.noconflict.odcmin.js?v=62ff26a7c8 HTTP/1.1", host: "www.travellers-palm.co.uk"
2016/12/20 16:18:07 [error] 8837#0: *5831 open() "/home/alfred/webapps/summertime/public/assets/js/jquery-migrate-1.2.1.min.js" failed (2: No such file or directory), client: 66.249.75.26, server: www.summertimegoa.com, request: "GET /assets/js/jquery-migrate-1.2.1.min.js?v=62ff26a7c8 HTTP/1.1", host: "www.travellers-palm.co.uk"
2016/12/20 16:18:07 [error] 8837#0: *5831 open() "/home/alfred/webapps/summertime/public/assets/js/jquery.placeholder.odcmin.js" failed (2: No such file or directory), client: 66.249.75.26, server: www.summertimegoa.com, request: "GET /assets/js/jquery.placeholder.odcmin.js?v=62ff26a7c8 HTTP/1.1", host: "www.travellers-palm.co.uk"
2016/12/20 16:18:08 [error] 8837#0: *5831 open() "/home/alfred/webapps/summertime/public/assets/js/modernizr.2.7.1.min.js" failed (2: No such file or directory), client: 66.249.75.26, server: www.summertimegoa.com, request: "GET /assets/js/modernizr.2.7.1.min.js?v=62ff26a7c8 HTTP/1.1", host: "www.travellers-palm.co.uk"
2016/12/20 18:12:25 [error] 8836#0: *6374 open() "/home/alfred/webapps/summertime/public/images/gallery/landscape/23-luxury-villa-goa.jpg" failed (2: No such file or directory), client: 77.75.76.168, server: www.summertimegoa.com, request: "GET /images/gallery/landscape/23-luxury-villa-goa.jpg HTTP/1.1", host: "www.summertimegoa.com"
2016/12/20 18:12:27 [error] 8836#0: *6374 open() "/home/alfred/webapps/summertime/public/images/gallery/landscape/26-luxury-villa-goa.jpg" failed (2: No such file or directory), client: 77.75.76.168, server: www.summertimegoa.com, request: "GET /images/gallery/landscape/26-luxury-villa-goa.jpg HTTP/1.1", host: "www.summertimegoa.com"
2016/12/20 18:12:27 [error] 8836#0: *6374 open() "/home/alfred/webapps/summertime/public/images/gallery/landscape/17-luxury-villa-goa.jpg" failed (2: No such file or directory), client: 77.75.76.168, server: www.summertimegoa.com, request: "GET /images/gallery/landscape/17-luxury-villa-goa.jpg HTTP/1.1", host: "www.summertimegoa.com"
2016/12/20 18:12:29 [error] 8836#0: *6374 open() "/home/alfred/webapps/summertime/public/images/gallery/11-luxury-villa-goa.jpg" failed (2: No such file or directory), client: 77.75.76.168, server: www.summertimegoa.com, request: "GET /images/gallery/11-luxury-villa-goa.jpg HTTP/1.1", host: "www.summertimegoa.com"
2016/12/20 18:12:29 [error] 8836#0: *6374 open() "/home/alfred/webapps/summertime/public/images/gallery/10-luxury-villa-goa.jpg" failed (2: No such file or directory), client: 77.75.76.168, server: www.summertimegoa.com, request: "GET /images/gallery/10-luxury-villa-goa.jpg HTTP/1.1", host: "www.summertimegoa.com"
2016/12/20 18:12:30 [error] 8836#0: *6374 open() "/home/alfred/webapps/summertime/public/images/gallery/8-luxury-villa-goa.jpg" failed (2: No such file or directory), client: 77.75.76.168, server: www.summertimegoa.com, request: "GET /images/gallery/8-luxury-villa-goa.jpg HTTP/1.1", host: "www.summertimegoa.com"
2016/12/20 18:12:31 [error] 8836#0: *6374 open() "/home/alfred/webapps/summertime/public/images/contact-us/contact-us_2.jpg" failed (2: No such file or directory), client: 77.75.76.168, server: www.summertimegoa.com, request: "GET /images/contact-us/contact-us_2.jpg HTTP/1.1", host: "www.summertimegoa.com"
2016/12/21 00:06:39 [error] 8837#0: *7392 open() "/home/alfred/webapps/summertime/public/odc-theme-scripts.js" failed (2: No such file or directory), client: 180.76.15.30, server: www.summertimegoa.com, request: "GET /odc-theme-scripts.js HTTP/1.1", host: "www.summertimegoa.com"
2016/12/21 02:56:35 [error] 8837#0: *7828 open() "/home/alfred/webapps/summertime/public/assets/css/screen.css" failed (2: No such file or directory), client: 180.76.15.139, server: www.summertimegoa.com, request: "GET /assets/css/screen.css?v=62ff26a7c8 HTTP/1.1", host: "www.yachtchartergoa.com"
2016/12/21 04:49:33 [error] 8836#0: *8128 open() "/home/alfred/webapps/summertime/public/images/home/luxury-rental-villa-in-Goa_2.jpg" failed (2: No such file or directory), client: 173.252.123.140, server: www.summertimegoa.com, request: "GET /images/home/luxury-rental-villa-in-Goa_2.jpg HTTP/1.1", host: "www.summertimegoa.com"
2016/12/21 06:07:53 [error] 8837#0: *8380 open() "/home/alfred/webapps/summertime/public/assets/js/jquery.placeholder.odcmin.js" failed (2: No such file or directory), client: 180.76.15.157, server: www.summertimegoa.com, request: "GET /assets/js/jquery.placeholder.odcmin.js HTTP/1.1", host: "travelers-palm.com"
2016/12/21 06:25:59 [error] 8837#0: *8433 open() "/home/alfred/webapps/summertime/public/assets/js/jquery.noconflict.odcmin.js" failed (2: No such file or directory), client: 66.249.69.52, server: www.summertimegoa.com, request: "GET /assets/js/jquery.noconflict.odcmin.js?v=62ff26a7c8 HTTP/1.1", host: "www.yachtchartergoa.com"
2016/12/21 06:26:00 [error] 8837#0: *8435 open() "/home/alfred/webapps/summertime/public/assets/js/modernizr.2.7.1.min.js" failed (2: No such file or directory), client: 66.249.69.56, server: www.summertimegoa.com, request: "GET /assets/js/modernizr.2.7.1.min.js?v=62ff26a7c8 HTTP/1.1", host: "www.yachtchartergoa.com"
2016/12/21 06:26:00 [error] 8837#0: *8433 open() "/home/alfred/webapps/summertime/public/assets/js/jquery-ui.1.10.4.min.js" failed (2: No such file or directory), client: 66.249.69.52, server: www.summertimegoa.com, request: "GET /assets/js/jquery-ui.1.10.4.min.js?v=62ff26a7c8 HTTP/1.1", host: "www.yachtchartergoa.com"
2016/12/21 06:26:00 [error] 8837#0: *8435 open() "/home/alfred/webapps/summertime/public/assets/js/index.js" failed (2: No such file or directory), client: 66.249.69.56, server: www.summertimegoa.com, request: "GET /assets/js/index.js?v=62ff26a7c8 HTTP/1.1", host: "www.yachtchartergoa.com"
2016/12/21 06:26:01 [error] 8837#0: *8435 open() "/home/alfred/webapps/summertime/public/assets/js/bootstrap.min.js" failed (2: No such file or directory), client: 66.249.69.56, server: www.summertimegoa.com, request: "GET /assets/js/bootstrap.min.js?v=62ff26a7c8 HTTP/1.1", host: "www.yachtchartergoa.com"
2016/12/21 06:26:01 [error] 8837#0: *8433 open() "/home/alfred/webapps/summertime/public/assets/js/jquery-migrate-1.2.1.min.js" failed (2: No such file or directory), client: 66.249.69.52, server: www.summertimegoa.com, request: "GET /assets/js/jquery-migrate-1.2.1.min.js?v=62ff26a7c8 HTTP/1.1", host: "www.yachtchartergoa.com"
2016/12/21 06:26:02 [error] 8837#0: *8433 open() "/home/alfred/webapps/summertime/public/assets/js/jquery.placeholder.odcmin.js" failed (2: No such file or directory), client: 66.249.69.52, server: www.summertimegoa.com, request: "GET /assets/js/jquery.placeholder.odcmin.js?v=62ff26a7c8 HTTP/1.1", host: "www.yachtchartergoa.com"
2016/12/21 06:26:02 [error] 8837#0: *8435 open() "/home/alfred/webapps/summertime/public/assets/js/jquery.fitvids.js" failed (2: No such file or directory), client: 66.249.69.56, server: www.summertimegoa.com, request: "GET /assets/js/jquery.fitvids.js?v=62ff26a7c8 HTTP/1.1", host: "www.yachtchartergoa.com"
2016/12/21 06:30:24 [error] 8837#0: *8452 open() "/home/alfred/webapps/summertime/public/images/gallery/8-luxury-villa-goa.jpg" failed (2: No such file or directory), client: 77.75.79.36, server: www.summertimegoa.com, request: "GET /images/gallery/8-luxury-villa-goa.jpg HTTP/1.1", host: "www.summertimegoa.com"
2016/12/21 07:30:47 [error] 8837#0: *8851 open() "/home/alfred/webapps/summertime/public/images/contact-us/contact-us.jpg" failed (2: No such file or directory), client: 66.249.84.214, server: www.summertimegoa.com, request: "GET /images/contact-us/contact-us.jpg HTTP/1.1", host: "www.summertimegoa.com"
2016/12/21 07:32:15 [error] 8837#0: *8861 open() "/home/alfred/webapps/summertime/public/images/contact-us/contact-us.jpg" failed (2: No such file or directory), client: 66.249.84.214, server: www.summertimegoa.com, request: "GET /images/contact-us/contact-us.jpg HTTP/1.1", host: "www.summertimegoa.com"
2016/12/21 09:42:42 [error] 8836#0: *9559 open() "/home/alfred/webapps/summertime/public/assets/css/responsive.min.css" failed (2: No such file or directory), client: 180.76.15.24, server: www.summertimegoa.com, request: "GET /assets/css/responsive.min.css?v=12090ea0c6 HTTP/1.1", host: "traveljadoo.com"
2016/12/21 14:19:21 [error] 8837#0: *11069 open() "/home/alfred/webapps/summertime/public/images/home/9-luxury-rental-villa.jpg" failed (2: No such file or directory), client: 207.46.13.184, server: www.summertimegoa.com, request: "GET /images/home/9-luxury-rental-villa.jpg HTTP/1.1", host: "www.summertimegoa.com"
2016/12/21 15:34:23 [error] 8837#0: *11445 open() "/home/alfred/webapps/summertime/public/assets/js/index.js" failed (2: No such file or directory), client: 180.76.15.134, server: www.summertimegoa.com, request: "GET /assets/js/index.js HTTP/1.1", host: "traveljadoo.com"
2016/12/21 16:33:15 [error] 8836#0: *11738 open() "/home/alfred/webapps/summertime/public/assets/css/bootstrap.min.css" failed (2: No such file or directory), client: 180.76.15.141, server: www.summertimegoa.com, request: "GET /assets/css/bootstrap.min.css?v=62ff26a7c8 HTTP/1.1", host: "www.travelers-palm.com"
2016/12/21 23:41:43 [error] 24386#0: *330 open() "/home/alfred/webapps/summertime/public/images/favicon/favicon-16x16.png" failed (2: No such file or directory), client: 83.161.102.235, server: www.summertimegoa.com, request: "GET /images/favicon/favicon-16x16.png HTTP/1.1", host: "www.summertimegoa.com"
2016/12/21 23:45:59 [error] 27631#0: *8 open() "/home/alfred/webapps/summertime/public/images/favicon/favicon-96x96.png" failed (2: No such file or directory), client: 83.161.102.235, server: www.summertimegoa.com, request: "GET /images/favicon/favicon-96x96.png HTTP/1.1", host: "www.summertimegoa.com"
2016/12/21 23:48:05 [error] 27653#0: *10 open() "/home/alfred/webapps/summertime/public/images/favicon/favicon-32x32.png" failed (2: No such file or directory), client: 83.161.102.235, server: www.summertimegoa.com, request: "GET /images/favicon/favicon-32x32.png HTTP/1.1", host: "www.summertimegoa.com"
2016/12/21 23:52:35 [error] 27653#0: *28 open() "/home/alfred/webapps/summertime/public/images/favicon/android-icon-192x192.png" failed (2: No such file or directory), client: 83.161.102.235, server: www.summertimegoa.com, request: "GET /images/favicon/android-icon-192x192.png HTTP/1.1", host: "www.summertimegoa.com"
2016/12/22 01:39:17 [error] 31231#0: *94 open() "/home/alfred/webapps/summertime/public/images/gallery/8-luxury-villa-goa.jpg" failed (2: No such file or directory), client: 77.75.79.32, server: www.summertimegoa.com, request: "GET /images/gallery/8-luxury-villa-goa.jpg HTTP/1.1", host: "www.summertimegoa.com"
2016/12/22 03:19:29 [error] 31231#0: *325 open() "/home/alfred/webapps/summertime/public/images/gallery/landscape/26-luxury-villa-goa.jpg" failed (2: No such file or directory), client: 77.75.79.17, server: www.summertimegoa.com, request: "GET /images/gallery/landscape/26-luxury-villa-goa.jpg HTTP/1.1", host: "www.summertimegoa.com"
2016/12/22 03:27:14 [error] 31231#0: *339 open() "/home/alfred/webapps/summertime/public/assets/js/bootstrap.min.js" failed (2: No such file or directory), client: 180.76.15.23, server: www.summertimegoa.com, request: "GET /assets/js/bootstrap.min.js HTTP/1.1", host: "travelers-palm.com"
2016/12/22 08:39:33 [error] 31230#0: *1264 open() "/home/alfred/webapps/summertime/public/images/contact-us/contact-us.jpg" failed (2: No such file or directory), client: 66.249.80.18, server: www.summertimegoa.com, request: "GET /images/contact-us/contact-us.jpg HTTP/1.1", host: "www.summertimegoa.com"
2016/12/22 10:16:19 [error] 31231#0: *1889 open() "/home/alfred/webapps/summertime/public/images/contact-us/contact-us.jpg" failed (2: No such file or directory), client: 66.249.84.214, server: www.summertimegoa.com, request: "GET /images/contact-us/contact-us.jpg HTTP/1.1", host: "www.summertimegoa.com"
2016/12/22 10:16:37 [error] 31231#0: *1902 open() "/home/alfred/webapps/summertime/public/images/contact-us/contact-us.jpg" failed (2: No such file or directory), client: 66.102.6.95, server: www.summertimegoa.com, request: "GET /images/contact-us/contact-us.jpg HTTP/1.1", host: "www.summertimegoa.com"
2016/12/22 10:16:56 [error] 31231#0: *1915 open() "/home/alfred/webapps/summertime/public/images/contact-us/contact-us.jpg" failed (2: No such file or directory), client: 66.249.80.16, server: www.summertimegoa.com, request: "GET /images/contact-us/contact-us.jpg HTTP/1.1", host: "www.summertimegoa.com"
2016/12/22 10:16:59 [error] 31231#0: *1915 open() "/home/alfred/webapps/summertime/public/images/contact-us/contact-us.jpg" failed (2: No such file or directory), client: 66.249.80.16, server: www.summertimegoa.com, request: "GET /images/contact-us/contact-us.jpg HTTP/1.1", host: "www.summertimegoa.com"
2016/12/22 10:17:11 [error] 31231#0: *1930 open() "/home/alfred/webapps/summertime/public/images/contact-us/contact-us.jpg" failed (2: No such file or directory), client: 66.249.84.210, server: www.summertimegoa.com, request: "GET /images/contact-us/contact-us.jpg HTTP/1.1", host: "www.summertimegoa.com"
2016/12/22 10:17:24 [error] 31231#0: *1889 open() "/home/alfred/webapps/summertime/public/images/contact-us/contact-us.jpg" failed (2: No such file or directory), client: 66.249.84.214, server: www.summertimegoa.com, request: "GET /images/contact-us/contact-us.jpg HTTP/1.1", host: "www.summertimegoa.com"
2016/12/22 10:17:37 [error] 31231#0: *1889 open() "/home/alfred/webapps/summertime/public/images/contact-us/contact-us.jpg" failed (2: No such file or directory), client: 66.249.84.214, server: www.summertimegoa.com, request: "GET /images/contact-us/contact-us.jpg HTTP/1.1", host: "www.summertimegoa.com"
2016/12/22 10:17:45 [error] 31231#0: *1930 open() "/home/alfred/webapps/summertime/public/images/contact-us/contact-us.jpg" failed (2: No such file or directory), client: 66.249.84.210, server: www.summertimegoa.com, request: "GET /images/contact-us/contact-us.jpg HTTP/1.1", host: "www.summertimegoa.com"
2016/12/22 13:47:42 [error] 31230#0: *2796 open() "/home/alfred/webapps/summertime/public/assets/js/bootstrap.min.js" failed (2: No such file or directory), client: 180.76.15.147, server: www.summertimegoa.com, request: "GET /assets/js/bootstrap.min.js HTTP/1.1", host: "traveljadoo.com"
2016/12/22 14:54:40 [error] 31230#0: *2922 open() "/home/alfred/webapps/summertime/public/assets/css/screen.css" failed (2: No such file or directory), client: 180.76.15.9, server: www.summertimegoa.com, request: "GET /assets/css/screen.css?v=12090ea0c6 HTTP/1.1", host: "traveljadoo.com"
2016/12/22 15:17:12 [error] 31230#0: *2980 open() "/home/alfred/webapps/summertime/public/images/home/Summertime, the best luxury holiday rental villa in Goa.jpg" failed (2: No such file or directory), client: 207.46.13.185, server: www.summertimegoa.com, request: "GET /images/home/Summertime,%20the%20best%20luxury%20holiday%20rental%20villa%20in%20Goa.jpg HTTP/1.1", host: "www.summertimegoa.com"
2016/12/22 18:42:14 [error] 31230#0: *3549 open() "/home/alfred/webapps/summertime/public/assets/js/jquery-migrate-1.2.1.min.js" failed (2: No such file or directory), client: 180.76.15.18, server: www.summertimegoa.com, request: "GET /assets/js/jquery-migrate-1.2.1.min.js HTTP/1.1", host: "traveljadoo.com"
2016/12/22 22:45:40 [error] 31231#0: *4319 open() "/home/alfred/webapps/summertime/public/js/mage/cookies.js" failed (2: No such file or directory), client: 188.165.207.133, server: www.summertimegoa.com, request: "POST /js/mage/cookies.js HTTP/1.1", host: "yachtchartergoa.com"
2016/12/23 00:10:50 [error] 31231#0: *4538 open() "/home/alfred/webapps/summertime/public/assets/css/font-awesome.min.css" failed (2: No such file or directory), client: 180.76.15.163, server: www.summertimegoa.com, request: "GET /assets/css/font-awesome.min.css?v=12090ea0c6 HTTP/1.1", host: "traveljadoo.com"
2016/12/23 00:20:18 [error] 31231#0: *4557 open() "/home/alfred/webapps/summertime/public/js/mage/cookies.js" failed (2: No such file or directory), client: 188.165.207.133, server: www.summertimegoa.com, request: "POST /js/mage/cookies.js HTTP/1.1", host: "travelers-palm.com"
2016/12/23 00:25:28 [error] 31231#0: *4570 open() "/home/alfred/webapps/summertime/public/js/mage/cookies.js" failed (2: No such file or directory), client: 188.165.207.133, server: www.summertimegoa.com, request: "POST /js/mage/cookies.js HTTP/1.1", host: "traveljadoo.com"
2016/12/23 02:56:36 [error] 31231#0: *4953 open() "/home/alfred/webapps/summertime/public/images/gallery/10-luxury-villa-goa.jpg" failed (2: No such file or directory), client: 77.75.76.163, server: www.summertimegoa.com, request: "GET /images/gallery/10-luxury-villa-goa.jpg HTTP/1.1", host: "www.summertimegoa.com"
2016/12/23 03:08:37 [error] 31231#0: *4994 open() "/home/alfred/webapps/summertime/public/images/contact-us/contact-us.jpg" failed (2: No such file or directory), client: 66.249.84.214, server: www.summertimegoa.com, request: "GET /images/contact-us/contact-us.jpg HTTP/1.1", host: "www.summertimegoa.com"
2016/12/23 03:19:12 [error] 31231#0: *5022 open() "/home/alfred/webapps/summertime/public/images/contact-us/contact-us.jpg" failed (2: No such file or directory), client: 66.249.80.18, server: www.summertimegoa.com, request: "GET /images/contact-us/contact-us.jpg HTTP/1.1", host: "www.summertimegoa.com"
2016/12/23 03:58:07 [error] 31231#0: *5221 open() "/home/alfred/webapps/summertime/public/images/contact-us/contact-us.jpg" failed (2: No such file or directory), client: 66.249.84.214, server: www.summertimegoa.com, request: "GET /images/contact-us/contact-us.jpg HTTP/1.1", host: "www.summertimegoa.com"
2016/12/23 03:59:53 [error] 31231#0: *5230 open() "/home/alfred/webapps/summertime/public/images/contact-us/contact-us.jpg" failed (2: No such file or directory), client: 66.249.84.212, server: www.summertimegoa.com, request: "GET /images/contact-us/contact-us.jpg HTTP/1.1", host: "www.summertimegoa.com"
2016/12/23 04:00:11 [error] 31231#0: *5233 open() "/home/alfred/webapps/summertime/public/images/contact-us/contact-us.jpg" failed (2: No such file or directory), client: 66.249.84.214, server: www.summertimegoa.com, request: "GET /images/contact-us/contact-us.jpg HTTP/1.1", host: "www.summertimegoa.com"
2016/12/23 04:02:57 [error] 31231#0: *5244 open() "/home/alfred/webapps/summertime/public/images/gallery/10-luxury-villa-goa.jpg" failed (2: No such file or directory), client: 77.75.79.119, server: www.summertimegoa.com, request: "GET /images/gallery/10-luxury-villa-goa.jpg HTTP/1.1", host: "www.summertimegoa.com"
2016/12/23 05:07:05 [error] 31231#0: *5393 open() "/home/alfred/webapps/summertime/public/assets/css/style.min.css" failed (2: No such file or directory), client: 63.243.252.197, server: www.summertimegoa.com, request: "GET /assets/css/style.min.css?v=12090ea0c6 HTTP/1.1", host: "traveljadoo.com"
2016/12/23 06:09:43 [error] 31231#0: *5683 open() "/home/alfred/webapps/summertime/public/images/contact-us/contact-us.jpg" failed (2: No such file or directory), client: 66.249.84.214, server: www.summertimegoa.com, request: "GET /images/contact-us/contact-us.jpg HTTP/1.1", host: "www.summertimegoa.com"
2016/12/23 06:09:55 [error] 31231#0: *5690 open() "/home/alfred/webapps/summertime/public/images/contact-us/contact-us.jpg" failed (2: No such file or directory), client: 66.249.84.212, server: www.summertimegoa.com, request: "GET /images/contact-us/contact-us.jpg HTTP/1.1", host: "www.summertimegoa.com"
2016/12/23 06:10:15 [error] 31231#0: *5696 open() "/home/alfred/webapps/summertime/public/images/contact-us/contact-us.jpg" failed (2: No such file or directory), client: 66.102.6.93, server: www.summertimegoa.com, request: "GET /images/contact-us/contact-us.jpg HTTP/1.1", host: "www.summertimegoa.com"
2016/12/23 06:20:28 [error] 31231#0: *5728 open() "/home/alfred/webapps/summertime/public/images/contact-us/contact-us.jpg" failed (2: No such file or directory), client: 66.249.84.210, server: www.summertimegoa.com, request: "GET /images/contact-us/contact-us.jpg HTTP/1.1", host: "www.summertimegoa.com"
2016/12/23 11:06:12 [error] 31230#0: *7390 open() "/home/alfred/webapps/summertime/public/images/home/luxury-rental-villa-in-Goa_2.jpg" failed (2: No such file or directory), client: 173.252.124.203, server: www.summertimegoa.com, request: "GET /images/home/luxury-rental-villa-in-Goa_2.jpg HTTP/1.1", host: "www.summertimegoa.com"
2016/12/23 12:54:34 [error] 31230#0: *7840 open() "/home/alfred/webapps/summertime/public/assets/css/font-awesome.min.css" failed (2: No such file or directory), client: 180.76.15.22, server: www.summertimegoa.com, request: "GET /assets/css/font-awesome.min.css?v=62ff26a7c8 HTTP/1.1", host: "travelers-palm.com"
2016/12/23 13:06:38 [error] 31230#0: *7967 open() "/home/alfred/webapps/summertime/public/images/home/Nominee-Boutique-Hotels-Awards.jpg" failed (2: No such file or directory), client: 66.249.84.210, server: www.summertimegoa.com, request: "GET /images/home/Nominee-Boutique-Hotels-Awards.jpg HTTP/1.1", host: "www.summertimegoa.com"
2016/12/23 13:06:41 [error] 31230#0: *7969 open() "/home/alfred/webapps/summertime/public/images/home/Nominee-Boutique-Hotels-Awards.jpg" failed (2: No such file or directory), client: 66.249.84.214, server: www.summertimegoa.com, request: "GET /images/home/Nominee-Boutique-Hotels-Awards.jpg HTTP/1.1", host: "www.summertimegoa.com"
2016/12/23 13:06:43 [error] 31230#0: *7969 open() "/home/alfred/webapps/summertime/public/images/home/Nominee-Boutique-Hotels-Awards.jpg" failed (2: No such file or directory), client: 66.249.84.214, server: www.summertimegoa.com, request: "GET /images/home/Nominee-Boutique-Hotels-Awards.jpg HTTP/1.1", host: "www.summertimegoa.com"
2016/12/23 13:06:50 [error] 31230#0: *7972 open() "/home/alfred/webapps/summertime/public/images/home/Nominee-Boutique-Hotels-Awards.jpg" failed (2: No such file or directory), client: 66.249.80.14, server: www.summertimegoa.com, request: "GET /images/home/Nominee-Boutique-Hotels-Awards.jpg HTTP/1.1", host: "www.summertimegoa.com"
2016/12/23 13:07:40 [error] 31230#0: *7977 open() "/home/alfred/webapps/summertime/public/images/home/Nominee-Boutique-Hotels-Awards.jpg" failed (2: No such file or directory), client: 66.102.6.95, server: www.summertimegoa.com, request: "GET /images/home/Nominee-Boutique-Hotels-Awards.jpg HTTP/1.1", host: "www.summertimegoa.com"
2016/12/23 13:07:52 [error] 31230#0: *7979 open() "/home/alfred/webapps/summertime/public/images/home/Nominee-Boutique-Hotels-Awards.jpg" failed (2: No such file or directory), client: 66.249.84.212, server: www.summertimegoa.com, request: "GET /images/home/Nominee-Boutique-Hotels-Awards.jpg HTTP/1.1", host: "www.summertimegoa.com"
2016/12/23 13:07:55 [error] 31230#0: *7983 open() "/home/alfred/webapps/summertime/public/images/home/Nominee-Boutique-Hotels-Awards.jpg" failed (2: No such file or directory), client: 66.249.84.210, server: www.summertimegoa.com, request: "GET /images/home/Nominee-Boutique-Hotels-Awards.jpg HTTP/1.1", host: "www.summertimegoa.com"
2016/12/23 13:07:56 [error] 31230#0: *7985 open() "/home/alfred/webapps/summertime/public/images/home/Nominee-Boutique-Hotels-Awards.jpg" failed (2: No such file or directory), client: 66.102.6.94, server: www.summertimegoa.com, request: "GET /images/home/Nominee-Boutique-Hotels-Awards.jpg HTTP/1.1", host: "www.summertimegoa.com"
2016/12/23 13:07:57 [error] 31230#0: *7983 open() "/home/alfred/webapps/summertime/public/images/home/Nominee-Boutique-Hotels-Awards.jpg" failed (2: No such file or directory), client: 66.249.84.210, server: www.summertimegoa.com, request: "GET /images/home/Nominee-Boutique-Hotels-Awards.jpg HTTP/1.1", host: "www.summertimegoa.com"
2016/12/23 13:07:58 [error] 31230#0: *7983 open() "/home/alfred/webapps/summertime/public/images/home/Nominee-Boutique-Hotels-Awards.jpg" failed (2: No such file or directory), client: 66.249.84.210, server: www.summertimegoa.com, request: "GET /images/home/Nominee-Boutique-Hotels-Awards.jpg HTTP/1.1", host: "www.summertimegoa.com"
2016/12/23 13:07:59 [error] 31230#0: *7983 open() "/home/alfred/webapps/summertime/public/images/home/Nominee-Boutique-Hotels-Awards.jpg" failed (2: No such file or directory), client: 66.249.84.210, server: www.summertimegoa.com, request: "GET /images/home/Nominee-Boutique-Hotels-Awards.jpg HTTP/1.1", host: "www.summertimegoa.com"
2016/12/23 13:08:18 [error] 31230#0: *8001 open() "/home/alfred/webapps/summertime/public/images/home/Nominee-Boutique-Hotels-Awards.jpg" failed (2: No such file or directory), client: 66.249.80.16, server: www.summertimegoa.com, request: "GET /images/home/Nominee-Boutique-Hotels-Awards.jpg HTTP/1.1", host: "www.summertimegoa.com"
2016/12/23 13:08:18 [error] 31230#0: *8003 open() "/home/alfred/webapps/summertime/public/images/home/Nominee-Boutique-Hotels-Awards.jpg" failed (2: No such file or directory), client: 66.249.80.14, server: www.summertimegoa.com, request: "GET /images/home/Nominee-Boutique-Hotels-Awards.jpg HTTP/1.1", host: "www.summertimegoa.com"
2016/12/23 13:08:31 [error] 31230#0: *7983 open() "/home/alfred/webapps/summertime/public/images/home/Nominee-Boutique-Hotels-Awards.jpg" failed (2: No such file or directory), client: 66.249.84.210, server: www.summertimegoa.com, request: "GET /images/home/Nominee-Boutique-Hotels-Awards.jpg HTTP/1.1", host: "www.summertimegoa.com"
2016/12/23 13:08:39 [error] 31230#0: *8006 open() "/home/alfred/webapps/summertime/public/images/home/Nominee-Boutique-Hotels-Awards.jpg" failed (2: No such file or directory), client: 66.249.84.214, server: www.summertimegoa.com, request: "GET /images/home/Nominee-Boutique-Hotels-Awards.jpg HTTP/1.1", host: "www.summertimegoa.com"
2016/12/23 13:08:43 [error] 31230#0: *8008 open() "/home/alfred/webapps/summertime/public/images/home/Nominee-Boutique-Hotels-Awards.jpg" failed (2: No such file or directory), client: 66.102.6.93, server: www.summertimegoa.com, request: "GET /images/home/Nominee-Boutique-Hotels-Awards.jpg HTTP/1.1", host: "www.summertimegoa.com"
2016/12/23 13:08:50 [error] 31230#0: *7983 open() "/home/alfred/webapps/summertime/public/images/home/Nominee-Boutique-Hotels-Awards.jpg" failed (2: No such file or directory), client: 66.249.84.210, server: www.summertimegoa.com, request: "GET /images/home/Nominee-Boutique-Hotels-Awards.jpg HTTP/1.1", host: "www.summertimegoa.com"
2016/12/23 13:08:55 [error] 31230#0: *7979 open() "/home/alfred/webapps/summertime/public/images/home/Nominee-Boutique-Hotels-Awards.jpg" failed (2: No such file or directory), client: 66.249.84.212, server: www.summertimegoa.com, request: "GET /images/home/Nominee-Boutique-Hotels-Awards.jpg HTTP/1.1", host: "www.summertimegoa.com"
2016/12/23 13:09:08 [error] 31230#0: *8012 open() "/home/alfred/webapps/summertime/public/images/home/Nominee-Boutique-Hotels-Awards.jpg" failed (2: No such file or directory), client: 66.249.80.18, server: www.summertimegoa.com, request: "GET /images/home/Nominee-Boutique-Hotels-Awards.jpg HTTP/1.1", host: "www.summertimegoa.com"
2016/12/23 13:09:09 [error] 31230#0: *8006 open() "/home/alfred/webapps/summertime/public/images/home/Nominee-Boutique-Hotels-Awards.jpg" failed (2: No such file or directory), client: 66.249.84.214, server: www.summertimegoa.com, request: "GET /images/home/Nominee-Boutique-Hotels-Awards.jpg HTTP/1.1", host: "www.summertimegoa.com"
2016/12/23 13:09:10 [error] 31230#0: *8015 open() "/home/alfred/webapps/summertime/public/images/home/Nominee-Boutique-Hotels-Awards.jpg" failed (2: No such file or directory), client: 66.102.6.95, server: www.summertimegoa.com, request: "GET /images/home/Nominee-Boutique-Hotels-Awards.jpg HTTP/1.1", host: "www.summertimegoa.com"
2016/12/23 13:09:28 [error] 31230#0: *8015 open() "/home/alfred/webapps/summertime/public/images/home/Nominee-Boutique-Hotels-Awards.jpg" failed (2: No such file or directory), client: 66.102.6.95, server: www.summertimegoa.com, request: "GET /images/home/Nominee-Boutique-Hotels-Awards.jpg HTTP/1.1", host: "www.summertimegoa.com"
2016/12/23 13:09:32 [error] 31230#0: *7979 open() "/home/alfred/webapps/summertime/public/images/home/Nominee-Boutique-Hotels-Awards.jpg" failed (2: No such file or directory), client: 66.249.84.212, server: www.summertimegoa.com, request: "GET /images/home/Nominee-Boutique-Hotels-Awards.jpg HTTP/1.1", host: "www.summertimegoa.com"
2016/12/23 13:09:37 [error] 31230#0: *8008 open() "/home/alfred/webapps/summertime/public/images/home/Nominee-Boutique-Hotels-Awards.jpg" failed (2: No such file or directory), client: 66.102.6.93, server: www.summertimegoa.com, request: "GET /images/home/Nominee-Boutique-Hotels-Awards.jpg HTTP/1.1", host: "www.summertimegoa.com"
2016/12/23 13:09:40 [error] 31230#0: *8006 open() "/home/alfred/webapps/summertime/public/images/home/Nominee-Boutique-Hotels-Awards.jpg" failed (2: No such file or directory), client: 66.249.84.214, server: www.summertimegoa.com, request: "GET /images/home/Nominee-Boutique-Hotels-Awards.jpg HTTP/1.1", host: "www.summertimegoa.com"
2016/12/23 13:09:56 [error] 31230#0: *8021 open() "/home/alfred/webapps/summertime/public/images/home/Nominee-Boutique-Hotels-Awards.jpg" failed (2: No such file or directory), client: 66.249.84.210, server: www.summertimegoa.com, request: "GET /images/home/Nominee-Boutique-Hotels-Awards.jpg HTTP/1.1", host: "www.summertimegoa.com"
2016/12/23 13:10:29 [error] 31230#0: *8021 open() "/home/alfred/webapps/summertime/public/images/home/Nominee-Boutique-Hotels-Awards.jpg" failed (2: No such file or directory), client: 66.249.84.210, server: www.summertimegoa.com, request: "GET /images/home/Nominee-Boutique-Hotels-Awards.jpg HTTP/1.1", host: "www.summertimegoa.com"
2016/12/23 13:10:31 [error] 31230#0: *8021 open() "/home/alfred/webapps/summertime/public/images/home/Nominee-Boutique-Hotels-Awards.jpg" failed (2: No such file or directory), client: 66.249.84.210, server: www.summertimegoa.com, request: "GET /images/home/Nominee-Boutique-Hotels-Awards.jpg HTTP/1.1", host: "www.summertimegoa.com"
2016/12/23 13:10:42 [error] 31230#0: *8021 open() "/home/alfred/webapps/summertime/public/images/home/Nominee-Boutique-Hotels-Awards.jpg" failed (2: No such file or directory), client: 66.249.84.210, server: www.summertimegoa.com, request: "GET /images/home/Nominee-Boutique-Hotels-Awards.jpg HTTP/1.1", host: "www.summertimegoa.com"
2016/12/23 13:10:44 [error] 31230#0: *8006 open() "/home/alfred/webapps/summertime/public/images/home/Nominee-Boutique-Hotels-Awards.jpg" failed (2: No such file or directory), client: 66.249.84.214, server: www.summertimegoa.com, request: "GET /images/home/Nominee-Boutique-Hotels-Awards.jpg HTTP/1.1", host: "www.summertimegoa.com"
2016/12/23 13:10:56 [error] 31230#0: *8027 open() "/home/alfred/webapps/summertime/public/images/home/Nominee-Boutique-Hotels-Awards.jpg" failed (2: No such file or directory), client: 66.249.80.18, server: www.summertimegoa.com, request: "GET /images/home/Nominee-Boutique-Hotels-Awards.jpg HTTP/1.1", host: "www.summertimegoa.com"
2016/12/23 13:11:08 [error] 31230#0: *8006 open() "/home/alfred/webapps/summertime/public/images/home/Nominee-Boutique-Hotels-Awards.jpg" failed (2: No such file or directory), client: 66.249.84.214, server: www.summertimegoa.com, request: "GET /images/home/Nominee-Boutique-Hotels-Awards.jpg HTTP/1.1", host: "www.summertimegoa.com"
2016/12/23 13:11:56 [error] 31230#0: *8006 open() "/home/alfred/webapps/summertime/public/images/home/Nominee-Boutique-Hotels-Awards.jpg" failed (2: No such file or directory), client: 66.249.84.214, server: www.summertimegoa.com, request: "GET /images/home/Nominee-Boutique-Hotels-Awards.jpg HTTP/1.1", host: "www.summertimegoa.com"
2016/12/23 13:11:57 [error] 31230#0: *8037 open() "/home/alfred/webapps/summertime/public/images/home/Nominee-Boutique-Hotels-Awards.jpg" failed (2: No such file or directory), client: 66.249.84.212, server: www.summertimegoa.com, request: "GET /images/home/Nominee-Boutique-Hotels-Awards.jpg HTTP/1.1", host: "www.summertimegoa.com"
2016/12/23 13:11:58 [error] 31230#0: *8006 open() "/home/alfred/webapps/summertime/public/images/home/Nominee-Boutique-Hotels-Awards.jpg" failed (2: No such file or directory), client: 66.249.84.214, server: www.summertimegoa.com, request: "GET /images/home/Nominee-Boutique-Hotels-Awards.jpg HTTP/1.1", host: "www.summertimegoa.com"
2016/12/23 13:11:59 [error] 31230#0: *8006 open() "/home/alfred/webapps/summertime/public/images/home/Nominee-Boutique-Hotels-Awards.jpg" failed (2: No such file or directory), client: 66.249.84.214, server: www.summertimegoa.com, request: "GET /images/home/Nominee-Boutique-Hotels-Awards.jpg HTTP/1.1", host: "www.summertimegoa.com"
2016/12/23 13:12:00 [error] 31230#0: *8041 open() "/home/alfred/webapps/summertime/public/images/home/Nominee-Boutique-Hotels-Awards.jpg" failed (2: No such file or directory), client: 66.102.6.95, server: www.summertimegoa.com, request: "GET /images/home/Nominee-Boutique-Hotels-Awards.jpg HTTP/1.1", host: "www.summertimegoa.com"
2016/12/23 13:12:04 [error] 31230#0: *8043 open() "/home/alfred/webapps/summertime/public/images/home/Nominee-Boutique-Hotels-Awards.jpg" failed (2: No such file or directory), client: 66.102.6.94, server: www.summertimegoa.com, request: "GET /images/home/Nominee-Boutique-Hotels-Awards.jpg HTTP/1.1", host: "www.summertimegoa.com"
2016/12/23 13:12:09 [error] 31230#0: *8045 open() "/home/alfred/webapps/summertime/public/images/home/Nominee-Boutique-Hotels-Awards.jpg" failed (2: No such file or directory), client: 66.249.84.210, server: www.summertimegoa.com, request: "GET /images/home/Nominee-Boutique-Hotels-Awards.jpg HTTP/1.1", host: "www.summertimegoa.com"
2016/12/23 13:12:18 [error] 31230#0: *8047 open() "/home/alfred/webapps/summertime/public/images/home/Nominee-Boutique-Hotels-Awards.jpg" failed (2: No such file or directory), client: 66.249.80.16, server: www.summertimegoa.com, request: "GET /images/home/Nominee-Boutique-Hotels-Awards.jpg HTTP/1.1", host: "www.summertimegoa.com"
2016/12/23 13:12:50 [error] 31230#0: *8045 open() "/home/alfred/webapps/summertime/public/images/home/Nominee-Boutique-Hotels-Awards.jpg" failed (2: No such file or directory), client: 66.249.84.210, server: www.summertimegoa.com, request: "GET /images/home/Nominee-Boutique-Hotels-Awards.jpg HTTP/1.1", host: "www.summertimegoa.com"
2016/12/23 13:13:16 [error] 31230#0: *8045 open() "/home/alfred/webapps/summertime/public/images/home/Nominee-Boutique-Hotels-Awards.jpg" failed (2: No such file or directory), client: 66.249.84.210, server: www.summertimegoa.com, request: "GET /images/home/Nominee-Boutique-Hotels-Awards.jpg HTTP/1.1", host: "www.summertimegoa.com"
2016/12/23 13:26:19 [error] 31231#0: *8083 open() "/home/alfred/webapps/summertime/public/images/home/Nominee-Boutique-Hotels-Awards.jpg" failed (2: No such file or directory), client: 66.249.80.14, server: www.summertimegoa.com, request: "GET /images/home/Nominee-Boutique-Hotels-Awards.jpg HTTP/1.1", host: "www.summertimegoa.com"
2016/12/23 13:26:25 [error] 31231#0: *8085 open() "/home/alfred/webapps/summertime/public/images/home/Nominee-Boutique-Hotels-Awards.jpg" failed (2: No such file or directory), client: 66.249.84.212, server: www.summertimegoa.com, request: "GET /images/home/Nominee-Boutique-Hotels-Awards.jpg HTTP/1.1", host: "www.summertimegoa.com"
2016/12/23 13:26:37 [error] 31231#0: *8091 open() "/home/alfred/webapps/summertime/public/images/home/Nominee-Boutique-Hotels-Awards.jpg" failed (2: No such file or directory), client: 66.102.6.93, server: www.summertimegoa.com, request: "GET /images/home/Nominee-Boutique-Hotels-Awards.jpg HTTP/1.1", host: "www.summertimegoa.com"
2016/12/23 13:26:56 [error] 31231#0: *8085 open() "/home/alfred/webapps/summertime/public/images/home/Nominee-Boutique-Hotels-Awards.jpg" failed (2: No such file or directory), client: 66.249.84.212, server: www.summertimegoa.com, request: "GET /images/home/Nominee-Boutique-Hotels-Awards.jpg HTTP/1.1", host: "www.summertimegoa.com"
2016/12/23 13:27:14 [error] 31231#0: *8085 open() "/home/alfred/webapps/summertime/public/images/home/Nominee-Boutique-Hotels-Awards.jpg" failed (2: No such file or directory), client: 66.249.84.212, server: www.summertimegoa.com, request: "GET /images/home/Nominee-Boutique-Hotels-Awards.jpg HTTP/1.1", host: "www.summertimegoa.com"
2016/12/23 13:27:23 [error] 31231#0: *8098 open() "/home/alfred/webapps/summertime/public/images/home/Nominee-Boutique-Hotels-Awards.jpg" failed (2: No such file or directory), client: 66.249.84.214, server: www.summertimegoa.com, request: "GET /images/home/Nominee-Boutique-Hotels-Awards.jpg HTTP/1.1", host: "www.summertimegoa.com"
2016/12/23 13:27:24 [error] 31231#0: *8100 open() "/home/alfred/webapps/summertime/public/images/home/Nominee-Boutique-Hotels-Awards.jpg" failed (2: No such file or directory), client: 66.102.6.94, server: www.summertimegoa.com, request: "GET /images/home/Nominee-Boutique-Hotels-Awards.jpg HTTP/1.1", host: "www.summertimegoa.com"
2016/12/23 13:27:25 [error] 31231#0: *8085 open() "/home/alfred/webapps/summertime/public/images/home/Nominee-Boutique-Hotels-Awards.jpg" failed (2: No such file or directory), client: 66.249.84.212, server: www.summertimegoa.com, request: "GET /images/home/Nominee-Boutique-Hotels-Awards.jpg HTTP/1.1", host: "www.summertimegoa.com"
2016/12/23 13:27:32 [error] 31231#0: *8098 open() "/home/alfred/webapps/summertime/public/images/home/Nominee-Boutique-Hotels-Awards.jpg" failed (2: No such file or directory), client: 66.249.84.214, server: www.summertimegoa.com, request: "GET /images/home/Nominee-Boutique-Hotels-Awards.jpg HTTP/1.1", host: "www.summertimegoa.com"
2016/12/23 13:27:51 [error] 31231#0: *8100 open() "/home/alfred/webapps/summertime/public/images/home/Nominee-Boutique-Hotels-Awards.jpg" failed (2: No such file or directory), client: 66.102.6.94, server: www.summertimegoa.com, request: "GET /images/home/Nominee-Boutique-Hotels-Awards.jpg HTTP/1.1", host: "www.summertimegoa.com"
2016/12/23 13:27:53 [error] 31231#0: *8085 open() "/home/alfred/webapps/summertime/public/images/home/Nominee-Boutique-Hotels-Awards.jpg" failed (2: No such file or directory), client: 66.249.84.212, server: www.summertimegoa.com, request: "GET /images/home/Nominee-Boutique-Hotels-Awards.jpg HTTP/1.1", host: "www.summertimegoa.com"
2016/12/23 13:27:55 [error] 31231#0: *8106 open() "/home/alfred/webapps/summertime/public/images/home/Nominee-Boutique-Hotels-Awards.jpg" failed (2: No such file or directory), client: 66.249.84.210, server: www.summertimegoa.com, request: "GET /images/home/Nominee-Boutique-Hotels-Awards.jpg HTTP/1.1", host: "www.summertimegoa.com"
2016/12/23 13:28:18 [error] 31231#0: *8085 open() "/home/alfred/webapps/summertime/public/images/home/Nominee-Boutique-Hotels-Awards.jpg" failed (2: No such file or directory), client: 66.249.84.212, server: www.summertimegoa.com, request: "GET /images/home/Nominee-Boutique-Hotels-Awards.jpg HTTP/1.1", host: "www.summertimegoa.com"
2016/12/23 13:28:22 [error] 31231#0: *8098 open() "/home/alfred/webapps/summertime/public/images/home/Nominee-Boutique-Hotels-Awards.jpg" failed (2: No such file or directory), client: 66.249.84.214, server: www.summertimegoa.com, request: "GET /images/home/Nominee-Boutique-Hotels-Awards.jpg HTTP/1.1", host: "www.summertimegoa.com"
2016/12/23 13:28:47 [error] 31231#0: *8085 open() "/home/alfred/webapps/summertime/public/images/home/Nominee-Boutique-Hotels-Awards.jpg" failed (2: No such file or directory), client: 66.249.84.212, server: www.summertimegoa.com, request: "GET /images/home/Nominee-Boutique-Hotels-Awards.jpg HTTP/1.1", host: "www.summertimegoa.com"
2016/12/23 13:28:56 [error] 31231#0: *8098 open() "/home/alfred/webapps/summertime/public/images/home/Nominee-Boutique-Hotels-Awards.jpg" failed (2: No such file or directory), client: 66.249.84.214, server: www.summertimegoa.com, request: "GET /images/home/Nominee-Boutique-Hotels-Awards.jpg HTTP/1.1", host: "www.summertimegoa.com"
2016/12/23 13:29:20 [error] 31231#0: *8116 open() "/home/alfred/webapps/summertime/public/images/home/Nominee-Boutique-Hotels-Awards.jpg" failed (2: No such file or directory), client: 66.102.6.93, server: www.summertimegoa.com, request: "GET /images/home/Nominee-Boutique-Hotels-Awards.jpg HTTP/1.1", host: "www.summertimegoa.com"
2016/12/23 13:29:48 [error] 31231#0: *8116 open() "/home/alfred/webapps/summertime/public/images/home/Nominee-Boutique-Hotels-Awards.jpg" failed (2: No such file or directory), client: 66.102.6.93, server: www.summertimegoa.com, request: "GET /images/home/Nominee-Boutique-Hotels-Awards.jpg HTTP/1.1", host: "www.summertimegoa.com"
2016/12/23 13:50:55 [error] 31231#0: *8211 open() "/home/alfred/webapps/summertime/public/images/home/Nominee-Boutique-Hotels-Awards.jpg" failed (2: No such file or directory), client: 223.182.162.116, server: www.summertimegoa.com, request: "GET /images/home/Nominee-Boutique-Hotels-Awards.jpg HTTP/1.1", host: "www.summertimegoa.com"
2016/12/23 13:53:43 [error] 31231#0: *8256 open() "/home/alfred/webapps/summertime/public/assets/js/jquery.placeholder.odcmin.js" failed (2: No such file or directory), client: 180.76.15.138, server: www.summertimegoa.com, request: "GET /assets/js/jquery.placeholder.odcmin.js HTTP/1.1", host: "www.yachtchartergoa.com"
2016/12/23 13:55:17 [error] 31231#0: *8260 open() "/home/alfred/webapps/summertime/public/images/home/Nominee-Boutique-Hotels-Awards.jpg" failed (2: No such file or directory), client: 157.55.39.168, server: www.summertimegoa.com, request: "GET /images/home/Nominee-Boutique-Hotels-Awards.jpg HTTP/1.1", host: "www.summertimegoa.com"
2016/12/23 14:01:36 [error] 31231#0: *8275 open() "/home/alfred/webapps/summertime/public/images/the-sunflower-suite/9-luxury-villa-goa.jpg" failed (2: No such file or directory), client: 207.46.13.184, server: www.summertimegoa.com, request: "GET /images/the-sunflower-suite/9-luxury-villa-goa.jpg HTTP/1.1", host: "www.summertimegoa.com"
2016/12/23 14:08:53 [error] 31231#0: *8306 open() "/home/alfred/webapps/summertime/public/images/gallery/landscape/20-luxury-villa-goa.jpg" failed (2: No such file or directory), client: 157.55.39.168, server: www.summertimegoa.com, request: "GET /images/gallery/landscape/20-luxury-villa-goa.jpg HTTP/1.1", host: "www.summertimegoa.com"
2016/12/23 17:38:40 [error] 31231#0: *9400 open() "/home/alfred/webapps/summertime/public/apple-touch-icon-152x152-precomposed.png" failed (2: No such file or directory), client: 42.111.173.110, server: www.summertimegoa.com, request: "GET /apple-touch-icon-152x152-precomposed.png HTTP/1.1", host: "www.summertimegoa.com"
2016/12/23 17:38:41 [error] 31231#0: *9400 open() "/home/alfred/webapps/summertime/public/apple-touch-icon-152x152.png" failed (2: No such file or directory), client: 42.111.173.110, server: www.summertimegoa.com, request: "GET /apple-touch-icon-152x152.png HTTP/1.1", host: "www.summertimegoa.com"
2016/12/23 21:21:13 [error] 31230#0: *9852 open() "/home/alfred/webapps/summertime/public/images/home/7-luxury-villa-goa.jpg" failed (2: No such file or directory), client: 100.43.85.5, server: www.summertimegoa.com, request: "GET /images/home/7-luxury-villa-goa.jpg HTTP/1.1", host: "www.summertimegoa.com"
2016/12/23 22:28:10 [error] 31230#0: *9969 open() "/home/alfred/webapps/summertime/public/assets/css/bootstrap.min.css" failed (2: No such file or directory), client: 180.76.15.154, server: www.summertimegoa.com, request: "GET /assets/css/bootstrap.min.css?v=12090ea0c6 HTTP/1.1", host: "traveljadoo.com"
2016/12/24 02:56:05 [error] 31231#0: *10758 open() "/home/alfred/webapps/summertime/public/assets/css/font-awesome.min.css" failed (2: No such file or directory), client: 180.76.15.138, server: www.summertimegoa.com, request: "GET /assets/css/font-awesome.min.css?v=62ff26a7c8 HTTP/1.1", host: "www.travelers-palm.com"
2016/12/24 03:54:21 [error] 31231#0: *10900 open() "/home/alfred/webapps/summertime/public/images/home/luxury-rental-villa-in-Goa_2.jpg" failed (2: No such file or directory), client: 66.220.156.112, server: www.summertimegoa.com, request: "GET /images/home/luxury-rental-villa-in-Goa_2.jpg HTTP/1.1", host: "www.summertimegoa.com"
2016/12/24 03:55:31 [error] 31231#0: *10903 open() "/home/alfred/webapps/summertime/public/images/home/pool.jpg" failed (2: No such file or directory), client: 173.252.88.94, server: www.summertimegoa.com, request: "GET /images/home/pool.jpg HTTP/1.1", host: "www.summertimegoa.com"
2016/12/24 04:06:24 [error] 31231#0: *10925 open() "/home/alfred/webapps/summertime/public/assets/js/jquery-migrate-1.2.1.min.js" failed (2: No such file or directory), client: 180.76.15.8, server: www.summertimegoa.com, request: "GET /assets/js/jquery-migrate-1.2.1.min.js HTTP/1.1", host: "travelers-palm.com"
2016/12/24 05:00:19 [error] 31230#0: *11033 open() "/home/alfred/webapps/summertime/public/images/home/7-luxury-villa-goa.jpg" failed (2: No such file or directory), client: 69.63.188.111, server: www.summertimegoa.com, request: "GET /images/home/7-luxury-villa-goa.jpg HTTP/1.1", host: "www.summertimegoa.com"
2016/12/24 05:00:19 [error] 31230#0: *11035 open() "/home/alfred/webapps/summertime/public/images/home/luxury-villa-goa.jpg" failed (2: No such file or directory), client: 173.252.124.31, server: www.summertimegoa.com, request: "GET /images/home/luxury-villa-goa.jpg HTTP/1.1", host: "www.summertimegoa.com"
2016/12/24 05:00:19 [error] 31230#0: *11037 open() "/home/alfred/webapps/summertime/public/images/home/luxury-rental-villa-in-Goa_2.jpg" failed (2: No such file or directory), client: 69.63.188.115, server: www.summertimegoa.com, request: "GET /images/home/luxury-rental-villa-in-Goa_2.jpg HTTP/1.1", host: "www.summertimegoa.com"
2016/12/24 06:10:35 [error] 31230#0: *11157 open() "/home/alfred/webapps/summertime/public/images/home/Nominee-Boutique-Hotels-Awards.jpg" failed (2: No such file or directory), client: 66.249.84.212, server: www.summertimegoa.com, request: "GET /images/home/Nominee-Boutique-Hotels-Awards.jpg HTTP/1.1", host: "www.summertimegoa.com"
2016/12/24 06:23:43 [error] 31230#0: *11196 open() "/home/alfred/webapps/summertime/public/images/home/luxury-rental-villa-in-Goa_2.jpg" failed (2: No such file or directory), client: 66.220.152.173, server: www.summertimegoa.com, request: "GET /images/home/luxury-rental-villa-in-Goa_2.jpg HTTP/1.1", host: "www.summertimegoa.com"
2016/12/24 06:23:45 [error] 31230#0: *11198 open() "/home/alfred/webapps/summertime/public/images/home/luxury-rental-villa-in-Goa_2.jpg" failed (2: No such file or directory), client: 66.220.152.176, server: www.summertimegoa.com, request: "GET /images/home/luxury-rental-villa-in-Goa_2.jpg HTTP/1.1", host: "www.summertimegoa.com"
